[[{"name" "rq.worker.perform_job"
   "service" "rq-worker"
   "resource" "tests.contrib.rq.jobs.job_add1"
   "type" "worker"
   "error" 0
   "span_id" 0
   "trace_id" 0
   "parent_id" nil
   "start" 1625890390315234000
   "duration" 8254000
   "meta" {"runtime-id" "e0256e06b85841bd8c8312c31b7d65f3"
           "job.id" "87cb0423-1574-46c9-b75c-10d3a6008cc8"}
   "metrics" {"_dd.agent_psr" 1.0
              "_sampling_priority_v1" 1
              "system.pid" 8549
              "_dd.tracer_kr" 1.0}}
      {"name" "rq.job.perform"
       "service" "rq-worker"
       "resource" "tests.contrib.rq.jobs.job_add1"
       "error" 0
       "span_id" 1
       "trace_id" 0
       "parent_id" 0
       "start" 1625890390318950000
       "duration" 1727000
       "meta" {"job.id" "87cb0423-1574-46c9-b75c-10d3a6008cc8"}}]
 [{"name" "rq.queue.enqueue_job"
   "service" "rq"
   "resource" "tests.contrib.rq.jobs.job_add1"
   "type" "worker"
   "error" 0
   "span_id" 0
   "trace_id" 1
   "parent_id" nil
   "start" 1625890389998402000
   "duration" 3260000
   "meta" {"runtime-id" "8b4aa804aa9b4fd2adea8426ea842ee8"
           "queue.name" "default"
           "job.id" "87cb0423-1574-46c9-b75c-10d3a6008cc8"
           "job.func_name" "tests.contrib.rq.jobs.job_add1"}
   "metrics" {"_dd.agent_psr" 1.0
              "_sampling_priority_v1" 1
              "system.pid" 8544
              "_dd.tracer_kr" 1.0}}]
 [{"name" "rq.job.fetch"
   "service" "rq-worker"
   "resource" "rq.job.fetch"
   "error" 0
   "span_id" 0
   "trace_id" 2
   "parent_id" nil
   "start" 1625890390306429000
   "duration" 1961000
   "meta" {"runtime-id" "1a3fc290dec9404ebfe857647b8ffb3d"
           "job.id" "87cb0423-1574-46c9-b75c-10d3a6008cc8"}
   "metrics" {"_dd.agent_psr" 1.0
              "_sampling_priority_v1" 1
              "system.pid" 8546
              "_dd.tracer_kr" 1.0}}]]
