[[{"name" "asgi.request"
   "service" nil
   "resource" "GET /error-500/"
   "type" "web"
   "error" 1
   "span_id" 0
   "trace_id" 0
   "parent_id" nil
   "start" 1626992319950241300
   "duration" 1075681900
   "meta" {"runtime-id" "0dd19d2b2048484384050bd19c9aff50"
           "http.method" "GET"
           "http.url" "http://127.0.0.1:8000/error-500/"
           "http.version" "1.1"
           "asgi.version" "3.0"
           "http.status_code" "500"}
   "metrics" {"_dd.agent_psr" 1.0
              "_sampling_priority_v1" 1
              "system.pid" 1062
              "_dd.tracer_kr" 1.0}}
      {"name" "django.middleware"
       "service" nil
       "resource" "django.contrib.sessions.middleware.SessionMiddleware.__call__"
       "error" 0
       "span_id" 1
       "trace_id" 0
       "parent_id" 0
       "start" 1626992319950791900
       "duration" 1070244600}
          {"name" "django.middleware"
           "service" nil
           "resource" "django.contrib.sessions.middleware.SessionMiddleware.process_request"
           "error" 0
           "span_id" 2
           "trace_id" 0
           "parent_id" 1
           "start" 1626992319950832500
           "duration" 112700}
          {"name" "django.middleware"
           "service" nil
           "resource" "django.middleware.common.CommonMiddleware.__call__"
           "error" 0
           "span_id" 3
           "trace_id" 0
           "parent_id" 1
           "start" 1626992319950980700
           "duration" 1069929900}
              {"name" "django.middleware"
               "service" nil
               "resource" "django.middleware.common.CommonMiddleware.process_request"
               "error" 0
               "span_id" 5
               "trace_id" 0
               "parent_id" 3
               "start" 1626992319951018600
               "duration" 50900}
              {"name" "django.middleware"
               "service" nil
               "resource" "django.middleware.csrf.CsrfViewMiddleware.__call__"
               "error" 0
               "span_id" 6
               "trace_id" 0
               "parent_id" 3
               "start" 1626992319951103600
               "duration" 1069629800}
                  {"name" "django.middleware"
                   "service" nil
                   "resource" "django.middleware.csrf.CsrfViewMiddleware.process_request"
                   "error" 0
                   "span_id" 8
                   "trace_id" 0
                   "parent_id" 6
                   "start" 1626992319951140100
                   "duration" 22900}
                  {"name" "django.middleware"
                   "service" nil
                   "resource" "django.contrib.auth.middleware.AuthenticationMiddleware.__call__"
                   "error" 0
                   "span_id" 9
                   "trace_id" 0
                   "parent_id" 6
                   "start" 1626992319951194600
                   "duration" 1069464500}
                      {"name" "django.middleware"
                       "service" nil
                       "resource" "django.contrib.auth.middleware.AuthenticationMiddleware.process_request"
                       "error" 0
                       "span_id" 11
                       "trace_id" 0
                       "parent_id" 9
                       "start" 1626992319951229500
                       "duration" 24100}
                      {"name" "django.middleware"
                       "service" nil
                       "resource" "django.contrib.messages.middleware.MessageMiddleware.__call__"
                       "error" 0
                       "span_id" 12
                       "trace_id" 0
                       "parent_id" 9
                       "start" 1626992319951288900
                       "duration" 1069350400}
                          {"name" "django.middleware"
                           "service" nil
                           "resource" "django.contrib.messages.middleware.MessageMiddleware.process_request"
                           "error" 0
                           "span_id" 13
                           "trace_id" 0
                           "parent_id" 12
                           "start" 1626992319951328000
                           "duration" 80100}
                          {"name" "django.middleware"
                           "service" nil
                           "resource" "django.middleware.clickjacking.XFrameOptionsMiddleware.__call__"
                           "error" 0
                           "span_id" 14
                           "trace_id" 0
                           "parent_id" 12
                           "start" 1626992319951440100
                           "duration" 1069121900}
                              {"name" "django.middleware"
                               "service" nil
                               "resource" "django.middleware.security.SecurityMiddleware.__call__"
                               "error" 0
                               "span_id" 16
                               "trace_id" 0
                               "parent_id" 14
                               "start" 1626992319951476100
                               "duration" 1068913700}
                                  {"name" "django.middleware"
                                   "service" nil
                                   "resource" "django.middleware.security.SecurityMiddleware.process_request"
                                   "error" 0
                                   "span_id" 18
                                   "trace_id" 0
                                   "parent_id" 16
                                   "start" 1626992319951510400
                                   "duration" 20900}
                                  {"name" "django.middleware"
                                   "service" nil
                                   "resource" "tests.contrib.django.middleware.ClsMiddleware.__call__"
                                   "error" 0
                                   "span_id" 19
                                   "trace_id" 0
                                   "parent_id" 16
                                   "start" 1626992319951564800
                                   "duration" 1068706800}
                                      {"name" "django.middleware"
                                       "service" nil
                                       "resource" "tests.contrib.django.middleware.EverythingMiddleware"
                                       "error" 0
                                       "span_id" 21
                                       "trace_id" 0
                                       "parent_id" 19
                                       "start" 1626992319951595900
                                       "duration" 1068655700}
                                          {"name" "django.middleware"
                                           "service" nil
                                           "resource" "tests.contrib.django.middleware.EverythingMiddleware.__call__"
                                           "error" 0
                                           "span_id" 22
                                           "trace_id" 0
                                           "parent_id" 21
                                           "start" 1626992319951627800
                                           "duration" 1068591500}
                                              {"name" "django.middleware"
                                               "service" nil
                                               "resource" "django.middleware.csrf.CsrfViewMiddleware.process_view"
                                               "error" 0
                                               "span_id" 23
                                               "trace_id" 0
                                               "parent_id" 22
                                               "start" 1626992319953178300
                                               "duration" 29800}
                                              {"name" "django.middleware"
                                               "service" nil
                                               "resource" "tests.contrib.django.middleware.EverythingMiddleware.process_view"
                                               "error" 0
                                               "span_id" 24
                                               "trace_id" 0
                                               "parent_id" 22
                                               "start" 1626992319953437600
                                               "duration" 22900}
                                              {"name" "django.view"
                                               "service" nil
                                               "resource" "tests.contrib.django.views.error_500"
                                               "error" 1
                                               "span_id" 25
                                               "trace_id" 0
                                               "parent_id" 22
                                               "start" 1626992319953829900
                                               "duration" 2689700
                                               "meta" {"error.msg" "Error 500"
                                                       "error.type" "builtins.Exception"
                                                       "error.stack" "Traceback (most recent call last):\n  File \"/root/project/ddtrace/contrib/django/patch.py\", line 211, in wrapped\n    return func(*args, **kwargs)\n  File \"./tests/contrib/django/views.py\", line 64, in error_500\n    raise Exception(\"Error 500\")\nException: Error 500\n"}}
                                              {"name" "django.middleware"
                                               "service" nil
                                               "resource" "tests.contrib.django.middleware.EverythingMiddleware.process_exception"
                                               "error" 0
                                               "span_id" 26
                                               "trace_id" 0
                                               "parent_id" 22
                                               "start" 1626992319957615900
                                               "duration" 65000}
                                              {"name" "django.middleware"
                                               "service" nil
                                               "resource" "django.middleware.csrf.CsrfViewMiddleware.process_request"
                                               "error" 0
                                               "span_id" 27
                                               "trace_id" 0
                                               "parent_id" 22
                                               "start" 1626992319958175900
                                               "duration" 26800}
                                              {"name" "django.middleware"
                                               "service" nil
                                               "resource" "django.middleware.csrf.CsrfViewMiddleware.process_view"
                                               "error" 0
                                               "span_id" 28
                                               "trace_id" 0
                                               "parent_id" 22
                                               "start" 1626992319958236700
                                               "duration" 21900}
                                              {"name" "django.middleware"
                                               "service" nil
                                               "resource" "django.middleware.csrf.CsrfViewMiddleware.process_response"
                                               "error" 0
                                               "span_id" 29
                                               "trace_id" 0
                                               "parent_id" 22
                                               "start" 1626992319985952900
                                               "duration" 40500}
                                              {"name" "django.template.render"
                                               "service" nil
                                               "resource" "django.template.base.Template.render"
                                               "type" "template"
                                               "error" 0
                                               "span_id" 30
                                               "trace_id" 0
                                               "parent_id" 22
                                               "start" 1626992320012184100
                                               "duration" 997511000
                                               "meta" {"django.template.engine.class" "django.template.engine.Engine"}}
                                  {"name" "django.middleware"
                                   "service" nil
                                   "resource" "django.middleware.security.SecurityMiddleware.process_response"
                                   "error" 0
                                   "span_id" 20
                                   "trace_id" 0
                                   "parent_id" 16
                                   "start" 1626992321020318400
                                   "duration" 51100}
                              {"name" "django.middleware"
                               "service" nil
                               "resource" "django.middleware.clickjacking.XFrameOptionsMiddleware.process_response"
                               "error" 0
                               "span_id" 17
                               "trace_id" 0
                               "parent_id" 14
                               "start" 1626992321020423300
                               "duration" 32000}
                          {"name" "django.middleware"
                           "service" nil
                           "resource" "django.contrib.messages.middleware.MessageMiddleware.process_response"
                           "error" 0
                           "span_id" 15
                           "trace_id" 0
                           "parent_id" 12
                           "start" 1626992321020595800
                           "duration" 25000}
                  {"name" "django.middleware"
                   "service" nil
                   "resource" "django.middleware.csrf.CsrfViewMiddleware.process_response"
                   "error" 0
                   "span_id" 10
                   "trace_id" 0
                   "parent_id" 6
                   "start" 1626992321020692600
                   "duration" 22600}
              {"name" "django.middleware"
               "service" nil
               "resource" "django.middleware.common.CommonMiddleware.process_response"
               "error" 0
               "span_id" 7
               "trace_id" 0
               "parent_id" 3
               "start" 1626992321020857700
               "duration" 33500}
          {"name" "django.middleware"
           "service" nil
           "resource" "django.contrib.sessions.middleware.SessionMiddleware.process_response"
           "error" 0
           "span_id" 4
           "trace_id" 0
           "parent_id" 1
           "start" 1626992321020979300
           "duration" 38100}]]
