[[{"name" "http.request"
   "service" "env-overridden-service-name"
   "resource" "http.request"
   "type" "http"
   "error" 0
   "span_id" 0
   "trace_id" 0
   "parent_id" nil
   "start" 1627588893511802000
   "duration" 13035000
   "meta" {"runtime-id" "b567013d369049deb038b59df7f67311"
           "http.method" "GET"
           "http.url" "http://localhost:8001/status/200"
           "http.status_code" "200"}
   "metrics" {"_dd.agent_psr" 1.0
              "_dd.measured" 1
              "_sampling_priority_v1" 1
              "system.pid" 68767
              "_dd.tracer_kr" 1.0}}]]
