[[{"name" "http.request"
   "service" "localhost:8001"
   "resource" "http.request"
   "type" "http"
   "error" 0
   "span_id" 0
   "trace_id" 0
   "parent_id" nil
   "start" 1619903466636114000
   "duration" 8929000
   "meta" {"runtime-id" "3f49abf6e012486baf8a70ec4abd22be"
           "http.method" "GET"
           "http.url" "http://localhost:8001/status/200"
           "http.status_code" "200"}
   "metrics" {"_dd.agent_psr" 1.0
              "_dd.measured" 1
              "_sampling_priority_v1" 1
              "system.pid" 2067
              "_dd.tracer_kr" 1.0}}]]
