[[{"name" "django.request"
   "service" "django"
   "resource" "GET tests.contrib.django.views.SafeTemplateUserList"
   "type" "web"
   "error" 0
   "span_id" 0
   "trace_id" 0
   "parent_id" nil
   "start" 1612560970276727000
   "duration" 3363000
   "meta" {"runtime-id" "4bc93e60ccf14d5083d6c3a9172d4548"
           "django.response.template.0" "cached_list.html"
           "http.url" "http://testserver/safe-template/"
           "django.user.is_authenticated" "False"
           "http.status_code" "200"
           "http.method" "GET"
           "django.response.class" "django.template.response.TemplateResponse"
           "django.request.class" "django.core.handlers.wsgi.WSGIRequest"
           "django.view" "safe-template-list"
           "django.response.template.1" "auth/user_list.html"}
   "metrics" {"_dd.agent_psr" 1.0
              "_dd.measured" 1
              "_sampling_priority_v1" 1
              "_dd.tracer_kr" 1.0
              "system.pid" 97622}}
      {"name" "django.middleware"
       "service" "django"
       "resource" "django.contrib.sessions.middleware.SessionMiddleware.__call__"
       "error" 0
       "span_id" 1
       "trace_id" 0
       "parent_id" 0
       "start" 1612560970276960000
       "duration" 2655000}
          {"name" "django.middleware"
           "service" "django"
           "resource" "django.contrib.sessions.middleware.SessionMiddleware.process_request"
           "error" 0
           "span_id" 2
           "trace_id" 0
           "parent_id" 1
           "start" 1612560970277015000
           "duration" 63000}
          {"name" "django.middleware"
           "service" "django"
           "resource" "django.middleware.common.CommonMiddleware.__call__"
           "error" 0
           "span_id" 3
           "trace_id" 0
           "parent_id" 1
           "start" 1612560970277104000
           "duration" 2469000}
              {"name" "django.middleware"
               "service" "django"
               "resource" "django.middleware.common.CommonMiddleware.process_request"
               "error" 0
               "span_id" 5
               "trace_id" 0
               "parent_id" 3
               "start" 1612560970277129000
               "duration" 45000}
              {"name" "django.middleware"
               "service" "django"
               "resource" "django.middleware.csrf.CsrfViewMiddleware.__call__"
               "error" 0
               "span_id" 6
               "trace_id" 0
               "parent_id" 3
               "start" 1612560970277198000
               "duration" 2326000}
                  {"name" "django.middleware"
                   "service" "django"
                   "resource" "django.middleware.csrf.CsrfViewMiddleware.process_request"
                   "error" 0
                   "span_id" 8
                   "trace_id" 0
                   "parent_id" 6
                   "start" 1612560970277224000
                   "duration" 12000}
                  {"name" "django.middleware"
                   "service" "django"
                   "resource" "django.contrib.auth.middleware.AuthenticationMiddleware.__call__"
                   "error" 0
                   "span_id" 9
                   "trace_id" 0
                   "parent_id" 6
                   "start" 1612560970277256000
                   "duration" 2229000}
                      {"name" "django.middleware"
                       "service" "django"
                       "resource" "django.contrib.auth.middleware.AuthenticationMiddleware.process_request"
                       "error" 0
                       "span_id" 11
                       "trace_id" 0
                       "parent_id" 9
                       "start" 1612560970277277000
                       "duration" 14000}
                      {"name" "django.middleware"
                       "service" "django"
                       "resource" "django.contrib.messages.middleware.MessageMiddleware.__call__"
                       "error" 0
                       "span_id" 12
                       "trace_id" 0
                       "parent_id" 9
                       "start" 1612560970277310000
                       "duration" 2170000}
                          {"name" "django.middleware"
                           "service" "django"
                           "resource" "django.contrib.messages.middleware.MessageMiddleware.process_request"
                           "error" 0
                           "span_id" 13
                           "trace_id" 0
                           "parent_id" 12
                           "start" 1612560970277331000
                           "duration" 50000}
                          {"name" "django.middleware"
                           "service" "django"
                           "resource" "django.middleware.clickjacking.XFrameOptionsMiddleware.__call__"
                           "error" 0
                           "span_id" 14
                           "trace_id" 0
                           "parent_id" 12
                           "start" 1612560970277404000
                           "duration" 2036000}
                              {"name" "django.middleware"
                               "service" "django"
                               "resource" "django.middleware.security.SecurityMiddleware.__call__"
                               "error" 0
                               "span_id" 16
                               "trace_id" 0
                               "parent_id" 14
                               "start" 1612560970277431000
                               "duration" 1958000}
                                  {"name" "django.middleware"
                                   "service" "django"
                                   "resource" "django.middleware.security.SecurityMiddleware.process_request"
                                   "error" 0
                                   "span_id" 18
                                   "trace_id" 0
                                   "parent_id" 16
                                   "start" 1612560970277459000
                                   "duration" 29000}
                                  {"name" "django.middleware"
                                   "service" "django"
                                   "resource" "tests.contrib.django.middleware.ClsMiddleware.__call__"
                                   "error" 0
                                   "span_id" 19
                                   "trace_id" 0
                                   "parent_id" 16
                                   "start" 1612560970277564000
                                   "duration" 1775000}
                                      {"name" "django.middleware"
                                       "service" "django"
                                       "resource" "tests.contrib.django.middleware.EverythingMiddleware"
                                       "error" 0
                                       "span_id" 21
                                       "trace_id" 0
                                       "parent_id" 19
                                       "start" 1612560970277643000
                                       "duration" 1691000}
                                          {"name" "django.middleware"
                                           "service" "django"
                                           "resource" "tests.contrib.django.middleware.EverythingMiddleware.__call__"
                                           "error" 0
                                           "span_id" 22
                                           "trace_id" 0
                                           "parent_id" 21
                                           "start" 1612560970277709000
                                           "duration" 1619000}
                                              {"name" "django.middleware"
                                               "service" "django"
                                               "resource" "django.middleware.csrf.CsrfViewMiddleware.process_view"
                                               "error" 0
                                               "span_id" 23
                                               "trace_id" 0
                                               "parent_id" 22
                                               "start" 1612560970277865000
                                               "duration" 28000}
                                              {"name" "django.middleware"
                                               "service" "django"
                                               "resource" "tests.contrib.django.middleware.EverythingMiddleware.process_view"
                                               "error" 0
                                               "span_id" 24
                                               "trace_id" 0
                                               "parent_id" 22
                                               "start" 1612560970277938000
                                               "duration" 35000}
                                              {"name" "django.view"
                                               "service" "django"
                                               "resource" "tests.contrib.django.views.SafeTemplateUserList"
                                               "error" 0
                                               "span_id" 25
                                               "trace_id" 0
                                               "parent_id" 22
                                               "start" 1612560970278026000
                                               "duration" 478000}
                                                  {"name" "django.view.dispatch"
                                                   "service" "django"
                                                   "resource" "django.views.generic.base.View.dispatch"
                                                   "error" 0
                                                   "span_id" 28
                                                   "trace_id" 0
                                                   "parent_id" 25
                                                   "start" 1612560970278112000
                                                   "duration" 384000}
                                                      {"name" "django.view.get"
                                                       "service" "django"
                                                       "resource" "django.views.generic.list.BaseListView.get"
                                                       "error" 0
                                                       "span_id" 30
                                                       "trace_id" 0
                                                       "parent_id" 28
                                                       "start" 1612560970278163000
                                                       "duration" 320000}
                                              {"name" "django.middleware"
                                               "service" "django"
                                               "resource" "tests.contrib.django.middleware.EverythingMiddleware.process_template_response"
                                               "error" 0
                                               "span_id" 26
                                               "trace_id" 0
                                               "parent_id" 22
                                               "start" 1612560970278569000
                                               "duration" 26000}
                                              {"name" "django.response.render"
                                               "service" "django"
                                               "resource" "django.template.response.TemplateResponse.render"
                                               "error" 0
                                               "span_id" 27
                                               "trace_id" 0
                                               "parent_id" 22
                                               "start" 1612560970278626000
                                               "duration" 695000}
                                                  {"name" "django.template.render"
                                                   "service" "django"
                                                   "resource" "cached_list.html"
                                                   "type" "template"
                                                   "error" 0
                                                   "span_id" 29
                                                   "trace_id" 0
                                                   "parent_id" 27
                                                   "start" 1612560970278731000
                                                   "duration" 546000
                                                   "meta" {"django.template.name" "cached_list.html"
                                                           "django.template.engine.class" "django.template.engine.Engine"}}
                                                      {"name" "django.cache"
                                                       "service" "django"
                                                       "resource" "django.core.cache.backends.locmem.get"
                                                       "type" "cache"
                                                       "error" 0
                                                       "span_id" 31
                                                       "trace_id" 0
                                                       "parent_id" 29
                                                       "start" 1612560970279087000
                                                       "duration" 136000
                                                       "meta" {"django.cache.backend" "django.core.cache.backends.locmem.LocMemCache"
                                                               "django.cache.key" "template.cache.users_list.d41d8cd98f00b204e9800998ecf8427e"}}
                                  {"name" "django.middleware"
                                   "service" "django"
                                   "resource" "django.middleware.security.SecurityMiddleware.process_response"
                                   "error" 0
                                   "span_id" 20
                                   "trace_id" 0
                                   "parent_id" 16
                                   "start" 1612560970279369000
                                   "duration" 15000}
                              {"name" "django.middleware"
                               "service" "django"
                               "resource" "django.middleware.clickjacking.XFrameOptionsMiddleware.process_response"
                               "error" 0
                               "span_id" 17
                               "trace_id" 0
                               "parent_id" 14
                               "start" 1612560970279414000
                               "duration" 21000}
                          {"name" "django.middleware"
                           "service" "django"
                           "resource" "django.contrib.messages.middleware.MessageMiddleware.process_response"
                           "error" 0
                           "span_id" 15
                           "trace_id" 0
                           "parent_id" 12
                           "start" 1612560970279462000
                           "duration" 13000}
                  {"name" "django.middleware"
                   "service" "django"
                   "resource" "django.middleware.csrf.CsrfViewMiddleware.process_response"
                   "error" 0
                   "span_id" 10
                   "trace_id" 0
                   "parent_id" 6
                   "start" 1612560970279503000
                   "duration" 16000}
              {"name" "django.middleware"
               "service" "django"
               "resource" "django.middleware.common.CommonMiddleware.process_response"
               "error" 0
               "span_id" 7
               "trace_id" 0
               "parent_id" 3
               "start" 1612560970279546000
               "duration" 20000}
          {"name" "django.middleware"
           "service" "django"
           "resource" "django.contrib.sessions.middleware.SessionMiddleware.process_response"
           "error" 0
           "span_id" 4
           "trace_id" 0
           "parent_id" 1
           "start" 1612560970279594000
           "duration" 16000}]]
