[[{"name" "fastapi.request"
   "service" "fastapi"
   "resource" "POST /items/"
   "type" "web"
   "error" 0
   "span_id" 0
   "trace_id" 0
   "parent_id" nil
   "start" 1611162285478147000
   "duration" 846000
   "meta" {"runtime-id" "aac5b4ef7af5446ca4450582d852a3b4"
           "http.method" "POST"
           "http.url" "http://testserver/items/"
           "http.version" "1.1"
           "http.status_code" "200"}
   "metrics" {"_dd.agent_psr" 1.0
              "_sampling_priority_v1" 1
              "_dd.tracer_kr" 1.0
              "system.pid" 30232}}]
 [{"name" "fastapi.request"
   "service" "fastapi"
   "resource" "GET /items/{item_id}"
   "type" "web"
   "error" 0
   "span_id" 0
   "trace_id" 1
   "parent_id" nil
   "start" 1611162285480595000
   "duration" 386000
   "meta" {"runtime-id" "aac5b4ef7af5446ca4450582d852a3b4"
           "http.method" "GET"
           "http.url" "http://testserver/items/test_id"
           "http.version" "1.1"
           "http.status_code" "200"}
   "metrics" {"_dd.agent_psr" 1.0
              "_sampling_priority_v1" 1
              "_dd.tracer_kr" 1.0
              "system.pid" 30232}}]]
