[[{"name" "django.request"
   "service" "django"
   "resource" "GET partial"
   "type" "http"
   "error" 0
   "span_id" 0
   "trace_id" 0
   "parent_id" nil
   "start" 1603387459923603000
   "duration" 2350000
   "meta" {"runtime-id" "5c6cfa4df5cb486fb21f1db1c00b06fc"
           "django.view" "partial-view"
           "http.url" "http://testserver/partial-view/"
           "django.request.class" "django.core.handlers.wsgi.WSGIRequest"
           "http.method" "GET"
           "django.user.is_authenticated" "False"
           "http.status_code" "200"
           "django.response.class" "django.http.response.HttpResponse"}
   "metrics" {"_dd.agent_psr" 1.0
              "_sampling_priority_v1" 1
              "system.pid" 9224}}
      {"name" "django.middleware"
       "service" "django"
       "resource" "django.contrib.sessions.middleware.SessionMiddleware.process_request"
       "error" 0
       "span_id" 1
       "trace_id" 0
       "parent_id" 0
       "start" 1603387459924066000
       "duration" 143000}
      {"name" "django.middleware"
       "service" "django"
       "resource" "django.middleware.common.CommonMiddleware.process_request"
       "error" 0
       "span_id" 2
       "trace_id" 0
       "parent_id" 0
       "start" 1603387459924268000
       "duration" 72000}
      {"name" "django.middleware"
       "service" "django"
       "resource" "django.contrib.auth.middleware.AuthenticationMiddleware.process_request"
       "error" 0
       "span_id" 3
       "trace_id" 0
       "parent_id" 0
       "start" 1603387459924401000
       "duration" 27000}
      {"name" "django.middleware"
       "service" "django"
       "resource" "django.contrib.auth.middleware.SessionAuthenticationMiddleware.process_request"
       "error" 0
       "span_id" 4
       "trace_id" 0
       "parent_id" 0
       "start" 1603387459924462000
       "duration" 11000}
      {"name" "django.middleware"
       "service" "django"
       "resource" "django.contrib.messages.middleware.MessageMiddleware.process_request"
       "error" 0
       "span_id" 5
       "trace_id" 0
       "parent_id" 0
       "start" 1603387459924514000
       "duration" 103000}
      {"name" "django.middleware"
       "service" "django"
       "resource" "django.middleware.security.SecurityMiddleware.process_request"
       "error" 0
       "span_id" 6
       "trace_id" 0
       "parent_id" 0
       "start" 1603387459924722000
       "duration" 19000}
      {"name" "django.middleware"
       "service" "django"
       "resource" "django.middleware.csrf.CsrfViewMiddleware.process_view"
       "error" 0
       "span_id" 7
       "trace_id" 0
       "parent_id" 0
       "start" 1603387459925138000
       "duration" 258000}
      {"name" "django.view"
       "service" "django"
       "resource" "partial"
       "error" 0
       "span_id" 8
       "trace_id" 0
       "parent_id" 0
       "start" 1603387459925455000
       "duration" 55000}
      {"name" "django.middleware"
       "service" "django"
       "resource" "django.middleware.security.SecurityMiddleware.process_response"
       "error" 0
       "span_id" 9
       "trace_id" 0
       "parent_id" 0
       "start" 1603387459925540000
       "duration" 10000}
      {"name" "django.middleware"
       "service" "django"
       "resource" "django.middleware.clickjacking.XFrameOptionsMiddleware.process_response"
       "error" 0
       "span_id" 10
       "trace_id" 0
       "parent_id" 0
       "start" 1603387459925574000
       "duration" 22000}
      {"name" "django.middleware"
       "service" "django"
       "resource" "django.contrib.messages.middleware.MessageMiddleware.process_response"
       "error" 0
       "span_id" 11
       "trace_id" 0
       "parent_id" 0
       "start" 1603387459925621000
       "duration" 11000}
      {"name" "django.middleware"
       "service" "django"
       "resource" "django.middleware.csrf.CsrfViewMiddleware.process_response"
       "error" 0
       "span_id" 12
       "trace_id" 0
       "parent_id" 0
       "start" 1603387459925655000
       "duration" 11000}
      {"name" "django.middleware"
       "service" "django"
       "resource" "django.middleware.common.CommonMiddleware.process_response"
       "error" 0
       "span_id" 13
       "trace_id" 0
       "parent_id" 0
       "start" 1603387459925688000
       "duration" 11000}
      {"name" "django.middleware"
       "service" "django"
       "resource" "django.contrib.sessions.middleware.SessionMiddleware.process_response"
       "error" 0
       "span_id" 14
       "trace_id" 0
       "parent_id" 0
       "start" 1603387459925721000
       "duration" 63000}]]
