[[{"name" "django.request"
   "service" "django"
   "resource" "GET ^partial-view/$"
   "type" "http"
   "error" 0
   "span_id" 0
   "trace_id" 0
   "parent_id" nil
   "start" 1603387538031067468
   "duration" 4931819
   "meta" {"runtime-id" "6626318d980f452db5ef923e305e302b"
           "http.route" "^partial-view/$"
           "http.url" "http://testserver/partial-view/"
           "django.user.is_authenticated" "False"
           "http.status_code" "200"
           "http.method" "GET"
           "django.response.class" "django.http.response.HttpResponse"
           "django.request.class" "django.core.handlers.wsgi.WSGIRequest"
           "django.view" "partial-view"}
   "metrics" {"_dd.agent_psr" 1.0
              "_sampling_priority_v1" 1
              "system.pid" 9240}}
      {"name" "django.middleware"
       "service" "django"
       "resource" "django.contrib.sessions.middleware.SessionMiddleware.__call__"
       "error" 0
       "span_id" 1
       "trace_id" 0
       "parent_id" 0
       "start" 1603387538031335119
       "duration" 4296672}
          {"name" "django.middleware"
           "service" "django"
           "resource" "django.contrib.sessions.middleware.SessionMiddleware.process_request"
           "error" 0
           "span_id" 2
           "trace_id" 0
           "parent_id" 1
           "start" 1603387538031363392
           "duration" 88941}
          {"name" "django.middleware"
           "service" "django"
           "resource" "django.middleware.common.CommonMiddleware.__call__"
           "error" 0
           "span_id" 3
           "trace_id" 0
           "parent_id" 1
           "start" 1603387538031489065
           "duration" 4051381}
              {"name" "django.middleware"
               "service" "django"
               "resource" "django.middleware.common.CommonMiddleware.process_request"
               "error" 0
               "span_id" 5
               "trace_id" 0
               "parent_id" 3
               "start" 1603387538031510605
               "duration" 53564}
              {"name" "django.middleware"
               "service" "django"
               "resource" "django.middleware.csrf.CsrfViewMiddleware.__call__"
               "error" 0
               "span_id" 6
               "trace_id" 0
               "parent_id" 3
               "start" 1603387538031586241
               "duration" 3897793}
                  {"name" "django.middleware"
                   "service" "django"
                   "resource" "django.middleware.csrf.CsrfViewMiddleware.process_request"
                   "error" 0
                   "span_id" 8
                   "trace_id" 0
                   "parent_id" 6
                   "start" 1603387538031609773
                   "duration" 10247}
                  {"name" "django.middleware"
                   "service" "django"
                   "resource" "django.contrib.auth.middleware.AuthenticationMiddleware.__call__"
                   "error" 0
                   "span_id" 9
                   "trace_id" 0
                   "parent_id" 6
                   "start" 1603387538031639798
                   "duration" 3726997}
                      {"name" "django.middleware"
                       "service" "django"
                       "resource" "django.contrib.auth.middleware.AuthenticationMiddleware.process_request"
                       "error" 0
                       "span_id" 11
                       "trace_id" 0
                       "parent_id" 9
                       "start" 1603387538031674655
                       "duration" 14623}
                      {"name" "django.middleware"
                       "service" "django"
                       "resource" "django.contrib.messages.middleware.MessageMiddleware.__call__"
                       "error" 0
                       "span_id" 12
                       "trace_id" 0
                       "parent_id" 9
                       "start" 1603387538031711103
                       "duration" 3644672}
                          {"name" "django.middleware"
                           "service" "django"
                           "resource" "django.contrib.messages.middleware.MessageMiddleware.process_request"
                           "error" 0
                           "span_id" 13
                           "trace_id" 0
                           "parent_id" 12
                           "start" 1603387538031729969
                           "duration" 51036}
                          {"name" "django.middleware"
                           "service" "django"
                           "resource" "django.middleware.clickjacking.XFrameOptionsMiddleware.__call__"
                           "error" 0
                           "span_id" 14
                           "trace_id" 0
                           "parent_id" 12
                           "start" 1603387538031805869
                           "duration" 3346457}
                              {"name" "django.middleware"
                               "service" "django"
                               "resource" "django.middleware.security.SecurityMiddleware.__call__"
                               "error" 0
                               "span_id" 16
                               "trace_id" 0
                               "parent_id" 14
                               "start" 1603387538031826622
                               "duration" 3066349}
                                  {"name" "django.middleware"
                                   "service" "django"
                                   "resource" "django.middleware.security.SecurityMiddleware.process_request"
                                   "error" 0
                                   "span_id" 18
                                   "trace_id" 0
                                   "parent_id" 16
                                   "start" 1603387538031844613
                                   "duration" 7478}
                                  {"name" "django.middleware"
                                   "service" "django"
                                   "resource" "tests.contrib.django.middleware.ClsMiddleware.__call__"
                                   "error" 0
                                   "span_id" 19
                                   "trace_id" 0
                                   "parent_id" 16
                                   "start" 1603387538031869207
                                   "duration" 2779554}
                                      {"name" "django.middleware"
                                       "service" "django"
                                       "resource" "tests.contrib.django.middleware.EverythingMiddleware"
                                       "error" 0
                                       "span_id" 21
                                       "trace_id" 0
                                       "parent_id" 19
                                       "start" 1603387538031887611
                                       "duration" 2751466}
                                          {"name" "django.middleware"
                                           "service" "django"
                                           "resource" "tests.contrib.django.middleware.EverythingMiddleware.__call__"
                                           "error" 0
                                           "span_id" 22
                                           "trace_id" 0
                                           "parent_id" 21
                                           "start" 1603387538031908230
                                           "duration" 2713789}
                                              {"name" "django.middleware"
                                               "service" "django"
                                               "resource" "django.middleware.csrf.CsrfViewMiddleware.process_view"
                                               "error" 0
                                               "span_id" 23
                                               "trace_id" 0
                                               "parent_id" 22
                                               "start" 1603387538031985665
                                               "duration" 13119}
                                              {"name" "django.middleware"
                                               "service" "django"
                                               "resource" "tests.contrib.django.middleware.EverythingMiddleware.process_view"
                                               "error" 0
                                               "span_id" 24
                                               "trace_id" 0
                                               "parent_id" 22
                                               "start" 1603387538032015035
                                               "duration" 6002}
                                              {"name" "django.view"
                                               "service" "django"
                                               "resource" "partial"
                                               "error" 0
                                               "span_id" 25
                                               "trace_id" 0
                                               "parent_id" 22
                                               "start" 1603387538032058408
                                               "duration" 2510141}
                                  {"name" "django.middleware"
                                   "service" "django"
                                   "resource" "django.middleware.security.SecurityMiddleware.process_response"
                                   "error" 0
                                   "span_id" 20
                                   "trace_id" 0
                                   "parent_id" 16
                                   "start" 1603387538034845024
                                   "duration" 34599}
                              {"name" "django.middleware"
                               "service" "django"
                               "resource" "django.middleware.clickjacking.XFrameOptionsMiddleware.process_response"
                               "error" 0
                               "span_id" 17
                               "trace_id" 0
                               "parent_id" 14
                               "start" 1603387538035008986
                               "duration" 126320}
                          {"name" "django.middleware"
                           "service" "django"
                           "resource" "django.contrib.messages.middleware.MessageMiddleware.process_response"
                           "error" 0
                           "span_id" 15
                           "trace_id" 0
                           "parent_id" 12
                           "start" 1603387538035223267
                           "duration" 114140}
                  {"name" "django.middleware"
                   "service" "django"
                   "resource" "django.middleware.csrf.CsrfViewMiddleware.process_response"
                   "error" 0
                   "span_id" 10
                   "trace_id" 0
                   "parent_id" 6
                   "start" 1603387538035447990
                   "duration" 27145}
              {"name" "django.middleware"
               "service" "django"
               "resource" "django.middleware.common.CommonMiddleware.process_response"
               "error" 0
               "span_id" 7
               "trace_id" 0
               "parent_id" 3
               "start" 1603387538035508307
               "duration" 23622}
          {"name" "django.middleware"
           "service" "django"
           "resource" "django.contrib.sessions.middleware.SessionMiddleware.process_response"
           "error" 0
           "span_id" 4
           "trace_id" 0
           "parent_id" 1
           "start" 1603387538035569395
           "duration" 25053}]]
