[[{"name" "wsgi.request"
   "service" "wsgi"
   "resource" "wsgi.request"
   "type" "web"
   "error" 0
   "span_id" 0
   "trace_id" 0
   "parent_id" nil
   "start" 1605666061507808000
   "duration" 1417000
   "meta" {"runtime-id" "edb63c79c08c458e8046cd3a8d8978bc"}
   "metrics" {"_dd.agent_psr" 1.0
              "_sampling_priority_v1" 1
              "system.pid" 247362}}
      {"name" "wsgi.application"
       "service" "wsgi"
       "resource" "wsgi.application"
       "error" 0
       "span_id" 1
       "trace_id" 0
       "parent_id" 0
       "start" 1605666061507910000
       "duration" 1247000}
          {"name" "django.request"
           "service" "django"
           "resource" "GET tests.contrib.django.views.index"
           "type" "web"
           "error" 0
           "span_id" 3
           "trace_id" 0
           "parent_id" 1
           "start" 1605666061508098000
           "duration" 984000
           "meta" {"django.request.class" "django.core.handlers.wsgi.WSGIRequest"
                   "http.method" "GET"
                   "http.url" "http://localhost:80/"
                   "django.user.is_authenticated" "False"
                   "http.status_code" "200"
                   "django.view" "tests.contrib.django.views.index"
                   "django.response.class" "django.http.response.HttpResponse"}}
              {"name" "django.middleware"
               "service" "django"
               "resource" "django.contrib.sessions.middleware.SessionMiddleware.__call__"
               "error" 0
               "span_id" 5
               "trace_id" 0
               "parent_id" 3
               "start" 1605666061508157000
               "duration" 833000}
                  {"name" "django.middleware"
                   "service" "django"
                   "resource" "django.contrib.sessions.middleware.SessionMiddleware.process_request"
                   "error" 0
                   "span_id" 6
                   "trace_id" 0
                   "parent_id" 5
                   "start" 1605666061508176000
                   "duration" 34000}
                  {"name" "django.middleware"
                   "service" "django"
                   "resource" "django.middleware.common.CommonMiddleware.__call__"
                   "error" 0
                   "span_id" 7
                   "trace_id" 0
                   "parent_id" 5
                   "start" 1605666061508231000
                   "duration" 714000}
                      {"name" "django.middleware"
                       "service" "django"
                       "resource" "django.middleware.common.CommonMiddleware.process_request"
                       "error" 0
                       "span_id" 9
                       "trace_id" 0
                       "parent_id" 7
                       "start" 1605666061508247000
                       "duration" 24000}
                      {"name" "django.middleware"
                       "service" "django"
                       "resource" "django.middleware.csrf.CsrfViewMiddleware.__call__"
                       "error" 0
                       "span_id" 10
                       "trace_id" 0
                       "parent_id" 7
                       "start" 1605666061508289000
                       "duration" 602000}
                          {"name" "django.middleware"
                           "service" "django"
                           "resource" "django.middleware.csrf.CsrfViewMiddleware.process_request"
                           "error" 0
                           "span_id" 12
                           "trace_id" 0
                           "parent_id" 10
                           "start" 1605666061508305000
                           "duration" 9000}
                          {"name" "django.middleware"
                           "service" "django"
                           "resource" "django.contrib.auth.middleware.AuthenticationMiddleware.__call__"
                           "error" 0
                           "span_id" 13
                           "trace_id" 0
                           "parent_id" 10
                           "start" 1605666061508330000
                           "duration" 536000}
                              {"name" "django.middleware"
                               "service" "django"
                               "resource" "django.contrib.auth.middleware.AuthenticationMiddleware.process_request"
                               "error" 0
                               "span_id" 15
                               "trace_id" 0
                               "parent_id" 13
                               "start" 1605666061508345000
                               "duration" 10000}
                              {"name" "django.middleware"
                               "service" "django"
                               "resource" "django.contrib.messages.middleware.MessageMiddleware.__call__"
                               "error" 0
                               "span_id" 16
                               "trace_id" 0
                               "parent_id" 13
                               "start" 1605666061508370000
                               "duration" 491000}
                                  {"name" "django.middleware"
                                   "service" "django"
                                   "resource" "django.contrib.messages.middleware.MessageMiddleware.process_request"
                                   "error" 0
                                   "span_id" 17
                                   "trace_id" 0
                                   "parent_id" 16
                                   "start" 1605666061508388000
                                   "duration" 30000}
                                  {"name" "django.middleware"
                                   "service" "django"
                                   "resource" "django.middleware.clickjacking.XFrameOptionsMiddleware.__call__"
                                   "error" 0
                                   "span_id" 18
                                   "trace_id" 0
                                   "parent_id" 16
                                   "start" 1605666061508435000
                                   "duration" 401000}
                                      {"name" "django.middleware"
                                       "service" "django"
                                       "resource" "django.middleware.security.SecurityMiddleware.__call__"
                                       "error" 0
                                       "span_id" 20
                                       "trace_id" 0
                                       "parent_id" 18
                                       "start" 1605666061508450000
                                       "duration" 356000}
                                          {"name" "django.middleware"
                                           "service" "django"
                                           "resource" "django.middleware.security.SecurityMiddleware.process_request"
                                           "error" 0
                                           "span_id" 22
                                           "trace_id" 0
                                           "parent_id" 20
                                           "start" 1605666061508464000
                                           "duration" 6000}
                                          {"name" "django.middleware"
                                           "service" "django"
                                           "resource" "tests.contrib.django.middleware.ClsMiddleware.__call__"
                                           "error" 0
                                           "span_id" 23
                                           "trace_id" 0
                                           "parent_id" 20
                                           "start" 1605666061508601000
                                           "duration" 179000}
                                              {"name" "django.middleware"
                                               "service" "django"
                                               "resource" "tests.contrib.django.middleware.EverythingMiddleware"
                                               "error" 0
                                               "span_id" 25
                                               "trace_id" 0
                                               "parent_id" 23
                                               "start" 1605666061508619000
                                               "duration" 157000}
                                                  {"name" "django.middleware"
                                                   "service" "django"
                                                   "resource" "tests.contrib.django.middleware.EverythingMiddleware.__call__"
                                                   "error" 0
                                                   "span_id" 26
                                                   "trace_id" 0
                                                   "parent_id" 25
                                                   "start" 1605666061508635000
                                                   "duration" 136000}
                                                      {"name" "django.middleware"
                                                       "service" "django"
                                                       "resource" "django.middleware.csrf.CsrfViewMiddleware.process_view"
                                                       "error" 0
                                                       "span_id" 27
                                                       "trace_id" 0
                                                       "parent_id" 26
                                                       "start" 1605666061508674000
                                                       "duration" 11000}
                                                      {"name" "django.middleware"
                                                       "service" "django"
                                                       "resource" "tests.contrib.django.middleware.EverythingMiddleware.process_view"
                                                       "error" 0
                                                       "span_id" 28
                                                       "trace_id" 0
                                                       "parent_id" 26
                                                       "start" 1605666061508700000
                                                       "duration" 5000}
                                                      {"name" "django.view"
                                                       "service" "django"
                                                       "resource" "tests.contrib.django.views.index"
                                                       "error" 0
                                                       "span_id" 29
                                                       "trace_id" 0
                                                       "parent_id" 26
                                                       "start" 1605666061508729000
                                                       "duration" 35000}
                                          {"name" "django.middleware"
                                           "service" "django"
                                           "resource" "django.middleware.security.SecurityMiddleware.process_response"
                                           "error" 0
                                           "span_id" 24
                                           "trace_id" 0
                                           "parent_id" 20
                                           "start" 1605666061508796000
                                           "duration" 6000}
                                      {"name" "django.middleware"
                                       "service" "django"
                                       "resource" "django.middleware.clickjacking.XFrameOptionsMiddleware.process_response"
                                       "error" 0
                                       "span_id" 21
                                       "trace_id" 0
                                       "parent_id" 18
                                       "start" 1605666061508820000
                                       "duration" 11000}
                                  {"name" "django.middleware"
                                   "service" "django"
                                   "resource" "django.contrib.messages.middleware.MessageMiddleware.process_response"
                                   "error" 0
                                   "span_id" 19
                                   "trace_id" 0
                                   "parent_id" 16
                                   "start" 1605666061508850000
                                   "duration" 7000}
                          {"name" "django.middleware"
                           "service" "django"
                           "resource" "django.middleware.csrf.CsrfViewMiddleware.process_response"
                           "error" 0
                           "span_id" 14
                           "trace_id" 0
                           "parent_id" 10
                           "start" 1605666061508880000
                           "duration" 7000}
                      {"name" "django.middleware"
                       "service" "django"
                       "resource" "django.middleware.common.CommonMiddleware.process_response"
                       "error" 0
                       "span_id" 11
                       "trace_id" 0
                       "parent_id" 7
                       "start" 1605666061508906000
                       "duration" 20000}
                  {"name" "django.middleware"
                   "service" "django"
                   "resource" "django.contrib.sessions.middleware.SessionMiddleware.process_response"
                   "error" 0
                   "span_id" 8
                   "trace_id" 0
                   "parent_id" 5
                   "start" 1605666061508973000
                   "duration" 12000}
          {"name" "wsgi.start_response"
           "service" "wsgi"
           "resource" "wsgi.start_response"
           "type" "web"
           "error" 0
           "span_id" 4
           "trace_id" 0
           "parent_id" 1
           "start" 1605666061509116000
           "duration" 32000}
      {"name" "wsgi.response"
       "service" "wsgi"
       "resource" "wsgi.response"
       "error" 0
       "span_id" 2
       "trace_id" 0
       "parent_id" 0
       "start" 1605666061509167000
       "duration" 9000
       "meta" {"result_class" "HttpResponse"}}]]
