[[{"name" "django.request"
   "service" "django"
   "resource" "GET /"
   "type" "web"
   "error" 0
   "span_id" 0
   "trace_id" 0
   "parent_id" nil
   "start" 1628197983253793400
   "duration" 5117300
   "meta" {"runtime-id" "1c69a41e156346d3a8dd1de431818c5d"
           "http.method" "GET"
           "http.url" "http://127.0.0.1:8000/"
           "http.version" "1.1"
           "asgi.version" "3.0"
           "http.status_code" "200"}
   "metrics" {"_dd.agent_psr" 1.0
              "_sampling_priority_v1" 1
              "system.pid" 1350
              "_dd.tracer_kr" 1.0}}
      {"name" "django.request"
       "service" "django"
       "resource" "GET ^$"
       "type" "web"
       "error" 0
       "span_id" 1
       "trace_id" 0
       "parent_id" 0
       "start" 1628197983255285400
       "duration" 2670600
       "meta" {"django.request.class" "django.core.handlers.asgi.ASGIRequest"
               "django.user.is_authenticated" "False"
               "django.response.class" "django.http.response.HttpResponse"
               "http.route" "^$"
               "django.view" "tests.contrib.django.views.index"
               "http.method" "GET"
               "http.url" "http://localhost:8000/"
               "http.status_code" "200"}
       "metrics" {"_dd.measured" 1}}
          {"name" "django.middleware"
           "service" "django"
           "resource" "django.contrib.sessions.middleware.SessionMiddleware.__call__"
           "error" 0
           "span_id" 2
           "trace_id" 0
           "parent_id" 1
           "start" 1628197983255377500
           "duration" 2443700}
              {"name" "django.middleware"
               "service" "django"
               "resource" "django.contrib.sessions.middleware.SessionMiddleware.process_request"
               "error" 0
               "span_id" 3
               "trace_id" 0
               "parent_id" 2
               "start" 1628197983255421900
               "duration" 73000}
              {"name" "django.middleware"
               "service" "django"
               "resource" "django.middleware.common.CommonMiddleware.__call__"
               "error" 0
               "span_id" 4
               "trace_id" 0
               "parent_id" 2
               "start" 1628197983255540100
               "duration" 2193800}
                  {"name" "django.middleware"
                   "service" "django"
                   "resource" "django.middleware.common.CommonMiddleware.process_request"
                   "error" 0
                   "span_id" 6
                   "trace_id" 0
                   "parent_id" 4
                   "start" 1628197983255582200
                   "duration" 123300}
                  {"name" "django.middleware"
                   "service" "django"
                   "resource" "django.middleware.csrf.CsrfViewMiddleware.__call__"
                   "error" 0
                   "span_id" 7
                   "trace_id" 0
                   "parent_id" 4
                   "start" 1628197983255747100
                   "duration" 1896600}
                      {"name" "django.middleware"
                       "service" "django"
                       "resource" "django.middleware.csrf.CsrfViewMiddleware.process_request"
                       "error" 0
                       "span_id" 9
                       "trace_id" 0
                       "parent_id" 7
                       "start" 1628197983255787800
                       "duration" 28100}
                      {"name" "django.middleware"
                       "service" "django"
                       "resource" "django.contrib.auth.middleware.AuthenticationMiddleware.__call__"
                       "error" 0
                       "span_id" 10
                       "trace_id" 0
                       "parent_id" 7
                       "start" 1628197983255858000
                       "duration" 1642300}
                          {"name" "django.middleware"
                           "service" "django"
                           "resource" "django.contrib.auth.middleware.AuthenticationMiddleware.process_request"
                           "error" 0
                           "span_id" 12
                           "trace_id" 0
                           "parent_id" 10
                           "start" 1628197983255898600
                           "duration" 31000}
                          {"name" "django.middleware"
                           "service" "django"
                           "resource" "django.contrib.messages.middleware.MessageMiddleware.__call__"
                           "error" 0
                           "span_id" 13
                           "trace_id" 0
                           "parent_id" 10
                           "start" 1628197983256047000
                           "duration" 1431600}
                              {"name" "django.middleware"
                               "service" "django"
                               "resource" "django.contrib.messages.middleware.MessageMiddleware.process_request"
                               "error" 0
                               "span_id" 14
                               "trace_id" 0
                               "parent_id" 13
                               "start" 1628197983256108700
                               "duration" 61800}
                              {"name" "django.middleware"
                               "service" "django"
                               "resource" "django.middleware.clickjacking.XFrameOptionsMiddleware.__call__"
                               "error" 0
                               "span_id" 15
                               "trace_id" 0
                               "parent_id" 13
                               "start" 1628197983256209600
                               "duration" 1181200}
                                  {"name" "django.middleware"
                                   "service" "django"
                                   "resource" "django.middleware.security.SecurityMiddleware.__call__"
                                   "error" 0
                                   "span_id" 17
                                   "trace_id" 0
                                   "parent_id" 15
                                   "start" 1628197983256249100
                                   "duration" 1047000}
                                      {"name" "django.middleware"
                                       "service" "django"
                                       "resource" "django.middleware.security.SecurityMiddleware.process_request"
                                       "error" 0
                                       "span_id" 19
                                       "trace_id" 0
                                       "parent_id" 17
                                       "start" 1628197983256359000
                                       "duration" 25800}
                                      {"name" "django.middleware"
                                       "service" "django"
                                       "resource" "tests.contrib.django.middleware.ClsMiddleware.__call__"
                                       "error" 0
                                       "span_id" 20
                                       "trace_id" 0
                                       "parent_id" 17
                                       "start" 1628197983256424700
                                       "duration" 622700}
                                          {"name" "django.middleware"
                                           "service" "django"
                                           "resource" "tests.contrib.django.middleware.EverythingMiddleware"
                                           "error" 0
                                           "span_id" 22
                                           "trace_id" 0
                                           "parent_id" 20
                                           "start" 1628197983256463500
                                           "duration" 563100}
                                              {"name" "django.middleware"
                                               "service" "django"
                                               "resource" "tests.contrib.django.middleware.EverythingMiddleware.__call__"
                                               "error" 0
                                               "span_id" 23
                                               "trace_id" 0
                                               "parent_id" 22
                                               "start" 1628197983256664400
                                               "duration" 340900}
                                                  {"name" "django.middleware"
                                                   "service" "django"
                                                   "resource" "django.middleware.csrf.CsrfViewMiddleware.process_view"
                                                   "error" 0
                                                   "span_id" 24
                                                   "trace_id" 0
                                                   "parent_id" 23
                                                   "start" 1628197983256748300
                                                   "duration" 30800}
                                                  {"name" "django.middleware"
                                                   "service" "django"
                                                   "resource" "tests.contrib.django.middleware.EverythingMiddleware.process_view"
                                                   "error" 0
                                                   "span_id" 25
                                                   "trace_id" 0
                                                   "parent_id" 23
                                                   "start" 1628197983256813300
                                                   "duration" 24700}
                                                  {"name" "django.view"
                                                   "service" "django"
                                                   "resource" "tests.contrib.django.views.index"
                                                   "error" 0
                                                   "span_id" 26
                                                   "trace_id" 0
                                                   "parent_id" 23
                                                   "start" 1628197983256918300
                                                   "duration" 63800}
                                      {"name" "django.middleware"
                                       "service" "django"
                                       "resource" "django.middleware.security.SecurityMiddleware.process_response"
                                       "error" 0
                                       "span_id" 21
                                       "trace_id" 0
                                       "parent_id" 17
                                       "start" 1628197983257084100
                                       "duration" 189300}
                                  {"name" "django.middleware"
                                   "service" "django"
                                   "resource" "django.middleware.clickjacking.XFrameOptionsMiddleware.process_response"
                                   "error" 0
                                   "span_id" 18
                                   "trace_id" 0
                                   "parent_id" 15
                                   "start" 1628197983257336900
                                   "duration" 32100}
                              {"name" "django.middleware"
                               "service" "django"
                               "resource" "django.contrib.messages.middleware.MessageMiddleware.process_response"
                               "error" 0
                               "span_id" 16
                               "trace_id" 0
                               "parent_id" 13
                               "start" 1628197983257430300
                               "duration" 26800}
                      {"name" "django.middleware"
                       "service" "django"
                       "resource" "django.middleware.csrf.CsrfViewMiddleware.process_response"
                       "error" 0
                       "span_id" 11
                       "trace_id" 0
                       "parent_id" 7
                       "start" 1628197983257596900
                       "duration" 25300}
                  {"name" "django.middleware"
                   "service" "django"
                   "resource" "django.middleware.common.CommonMiddleware.process_response"
                   "error" 0
                   "span_id" 8
                   "trace_id" 0
                   "parent_id" 4
                   "start" 1628197983257679500
                   "duration" 32900}
              {"name" "django.middleware"
               "service" "django"
               "resource" "django.contrib.sessions.middleware.SessionMiddleware.process_response"
               "error" 0
               "span_id" 5
               "trace_id" 0
               "parent_id" 2
               "start" 1628197983257769600
               "duration" 30300}]]
