[[{"name" "rq.queue.enqueue_job"
   "service" "rq"
   "resource" "tests.contrib.rq.test_rq.job_add1"
   "error" 0
   "span_id" 0
   "trace_id" 0
   "parent_id" nil
   "start" 1605648088648093000
   "duration" 7127000
   "meta" {"runtime-id" "fdb657ce7ff8458a9d9898d9b7dc5f63"
           "queue.name" "q"
           "job.id" "478b1806-59f4-4430-a283-cf12f89c5917"
           "job.func_name" "tests.contrib.rq.test_rq.job_add1"}
   "metrics" {"_dd.agent_psr" 1.0
              "_sampling_priority_v1" 1
              "system.pid" 21411}}]
 [{"name" "rq.job.fetch"
   "service" "rq-worker"
   "resource" "rq.job.fetch"
   "error" 0
   "span_id" 0
   "trace_id" 1
   "parent_id" nil
   "start" 1605648088669024000
   "duration" 1230000
   "meta" {"runtime-id" "fdb657ce7ff8458a9d9898d9b7dc5f63"
           "job.id" "478b1806-59f4-4430-a283-cf12f89c5917"
           "job.status" "queued"}
   "metrics" {"_dd.agent_psr" 1.0
              "_sampling_priority_v1" 1
              "system.pid" 21411}}]
 [{"name" "rq.worker.perform_job"
   "service" "my-pin-svc"
   "resource" "tests.contrib.rq.test_rq.job_add1"
   "error" 0
   "span_id" 0
   "trace_id" 2
   "parent_id" nil
   "start" 1605648088672744000
   "duration" 5524000
   "meta" {"runtime-id" "fdb657ce7ff8458a9d9898d9b7dc5f63"
           "job.id" "478b1806-59f4-4430-a283-cf12f89c5917"
           "status" "finished"
           "origin" "q"}
   "metrics" {"_dd.agent_psr" 1.0
              "_sampling_priority_v1" 1
              "system.pid" 21411}}
      {"name" "rq.job.perform"
       "service" "my-pin-svc"
       "resource" "tests.contrib.rq.test_rq.job_add1"
       "error" 0
       "span_id" 1
       "trace_id" 2
       "parent_id" 0
       "start" 1605648088674213000
       "duration" 844000
       "meta" {"job.id" "478b1806-59f4-4430-a283-cf12f89c5917"}}]]
