[[{"name" "asgi.request"
   "service" nil
   "resource" "GET /"
   "type" "web"
   "error" 0
   "span_id" 0
   "trace_id" 0
   "parent_id" nil
   "start" 1626984557796220700
   "duration" 17959500
   "meta" {"runtime-id" "39a5546b6dc049498293460f37f1d8e0"
           "http.method" "GET"
           "http.url" "http://127.0.0.1:8000/"
           "http.version" "1.1"
           "asgi.version" "3.0"
           "http.status_code" "200"}
   "metrics" {"_dd.agent_psr" 1.0
              "_sampling_priority_v1" 1
              "system.pid" 632
              "_dd.tracer_kr" 1.0}}
      {"name" "django.middleware"
       "service" nil
       "resource" "django.contrib.sessions.middleware.SessionMiddleware.__call__"
       "error" 0
       "span_id" 1
       "trace_id" 0
       "parent_id" 0
       "start" 1626984557799574500
       "duration" 8404100}
          {"name" "django.middleware"
           "service" nil
           "resource" "django.contrib.sessions.middleware.SessionMiddleware.process_request"
           "error" 0
           "span_id" 2
           "trace_id" 0
           "parent_id" 1
           "start" 1626984557799618200
           "duration" 62000}
          {"name" "django.middleware"
           "service" nil
           "resource" "django.middleware.common.CommonMiddleware.__call__"
           "error" 0
           "span_id" 3
           "trace_id" 0
           "parent_id" 1
           "start" 1626984557799717000
           "duration" 8182100}
              {"name" "django.middleware"
               "service" nil
               "resource" "django.middleware.common.CommonMiddleware.process_request"
               "error" 0
               "span_id" 5
               "trace_id" 0
               "parent_id" 3
               "start" 1626984557799755000
               "duration" 58400}
              {"name" "django.middleware"
               "service" nil
               "resource" "django.middleware.csrf.CsrfViewMiddleware.__call__"
               "error" 0
               "span_id" 6
               "trace_id" 0
               "parent_id" 3
               "start" 1626984557799898800
               "duration" 7869200}
                  {"name" "django.middleware"
                   "service" nil
                   "resource" "django.middleware.csrf.CsrfViewMiddleware.process_request"
                   "error" 0
                   "span_id" 8
                   "trace_id" 0
                   "parent_id" 6
                   "start" 1626984557799935600
                   "duration" 23400}
                  {"name" "django.middleware"
                   "service" nil
                   "resource" "django.contrib.auth.middleware.AuthenticationMiddleware.__call__"
                   "error" 0
                   "span_id" 9
                   "trace_id" 0
                   "parent_id" 6
                   "start" 1626984557799990100
                   "duration" 7701900}
                      {"name" "django.middleware"
                       "service" nil
                       "resource" "django.contrib.auth.middleware.AuthenticationMiddleware.process_request"
                       "error" 0
                       "span_id" 11
                       "trace_id" 0
                       "parent_id" 9
                       "start" 1626984557800024600
                       "duration" 25100}
                      {"name" "django.middleware"
                       "service" nil
                       "resource" "django.contrib.messages.middleware.MessageMiddleware.__call__"
                       "error" 0
                       "span_id" 12
                       "trace_id" 0
                       "parent_id" 9
                       "start" 1626984557800080300
                       "duration" 7593100}
                          {"name" "django.middleware"
                           "service" nil
                           "resource" "django.contrib.messages.middleware.MessageMiddleware.process_request"
                           "error" 0
                           "span_id" 13
                           "trace_id" 0
                           "parent_id" 12
                           "start" 1626984557800114300
                           "duration" 88100}
                          {"name" "django.middleware"
                           "service" nil
                           "resource" "django.middleware.clickjacking.XFrameOptionsMiddleware.__call__"
                           "error" 0
                           "span_id" 14
                           "trace_id" 0
                           "parent_id" 12
                           "start" 1626984557800234600
                           "duration" 7363200}
                              {"name" "django.middleware"
                               "service" nil
                               "resource" "django.middleware.security.SecurityMiddleware.__call__"
                               "error" 0
                               "span_id" 16
                               "trace_id" 0
                               "parent_id" 14
                               "start" 1626984557800270300
                               "duration" 7249900}
                                  {"name" "django.middleware"
                                   "service" nil
                                   "resource" "django.middleware.security.SecurityMiddleware.process_request"
                                   "error" 0
                                   "span_id" 18
                                   "trace_id" 0
                                   "parent_id" 16
                                   "start" 1626984557800304300
                                   "duration" 20800}
                                  {"name" "django.middleware"
                                   "service" nil
                                   "resource" "tests.contrib.django.middleware.ClsMiddleware.__call__"
                                   "error" 0
                                   "span_id" 19
                                   "trace_id" 0
                                   "parent_id" 16
                                   "start" 1626984557800355300
                                   "duration" 7073400}
                                      {"name" "django.middleware"
                                       "service" nil
                                       "resource" "tests.contrib.django.middleware.EverythingMiddleware"
                                       "error" 0
                                       "span_id" 21
                                       "trace_id" 0
                                       "parent_id" 19
                                       "start" 1626984557800386600
                                       "duration" 7023700}
                                          {"name" "django.middleware"
                                           "service" nil
                                           "resource" "tests.contrib.django.middleware.EverythingMiddleware.__call__"
                                           "error" 0
                                           "span_id" 22
                                           "trace_id" 0
                                           "parent_id" 21
                                           "start" 1626984557800418100
                                           "duration" 6968300}
                                              {"name" "django.middleware"
                                               "service" nil
                                               "resource" "django.middleware.csrf.CsrfViewMiddleware.process_view"
                                               "error" 0
                                               "span_id" 23
                                               "trace_id" 0
                                               "parent_id" 22
                                               "start" 1626984557803591900
                                               "duration" 37900}
                                              {"name" "django.middleware"
                                               "service" nil
                                               "resource" "tests.contrib.django.middleware.EverythingMiddleware.process_view"
                                               "error" 0
                                               "span_id" 24
                                               "trace_id" 0
                                               "parent_id" 22
                                               "start" 1626984557803992000
                                               "duration" 33400}
                                              {"name" "django.view"
                                               "service" nil
                                               "resource" "tests.contrib.django.views.index"
                                               "error" 0
                                               "span_id" 25
                                               "trace_id" 0
                                               "parent_id" 22
                                               "start" 1626984557804446200
                                               "duration" 61700}
                                  {"name" "django.middleware"
                                   "service" nil
                                   "resource" "django.middleware.security.SecurityMiddleware.process_response"
                                   "error" 0
                                   "span_id" 20
                                   "trace_id" 0
                                   "parent_id" 16
                                   "start" 1626984557807464800
                                   "duration" 36400}
                              {"name" "django.middleware"
                               "service" nil
                               "resource" "django.middleware.clickjacking.XFrameOptionsMiddleware.process_response"
                               "error" 0
                               "span_id" 17
                               "trace_id" 0
                               "parent_id" 14
                               "start" 1626984557807552300
                               "duration" 27500}
                          {"name" "django.middleware"
                           "service" nil
                           "resource" "django.contrib.messages.middleware.MessageMiddleware.process_response"
                           "error" 0
                           "span_id" 15
                           "trace_id" 0
                           "parent_id" 12
                           "start" 1626984557807631000
                           "duration" 24200}
                  {"name" "django.middleware"
                   "service" nil
                   "resource" "django.middleware.csrf.CsrfViewMiddleware.process_response"
                   "error" 0
                   "span_id" 10
                   "trace_id" 0
                   "parent_id" 6
                   "start" 1626984557807724500
                   "duration" 25200}
              {"name" "django.middleware"
               "service" nil
               "resource" "django.middleware.common.CommonMiddleware.process_response"
               "error" 0
               "span_id" 7
               "trace_id" 0
               "parent_id" 3
               "start" 1626984557807799600
               "duration" 81300}
          {"name" "django.middleware"
           "service" nil
           "resource" "django.contrib.sessions.middleware.SessionMiddleware.process_response"
           "error" 0
           "span_id" 4
           "trace_id" 0
           "parent_id" 1
           "start" 1626984557807931800
           "duration" 28100}]]
