[[{"name" "django.request"
   "service" "django"
   "resource" "GET 404"
   "type" "web"
   "error" 0
   "span_id" 0
   "trace_id" 0
   "parent_id" nil
   "start" 1612560735121783000
   "duration" 4825000
   "meta" {"runtime-id" "1fb211269d1b4df3abdb69544b7d6716"
           "http.method" "GET"
           "django.response.class" "django.http.response.HttpResponseNotFound"
           "http.url" "http://testserver/404-view/"
           "django.request.class" "django.core.handlers.wsgi.WSGIRequest"
           "http.status_code" "404"
           "django.user.is_authenticated" "False"}
   "metrics" {"_dd.agent_psr" 1.0
              "_dd.measured" 1
              "_sampling_priority_v1" 1
              "_dd.tracer_kr" 1.0
              "system.pid" 96676}}
      {"name" "django.middleware"
       "service" "django"
       "resource" "django.contrib.sessions.middleware.SessionMiddleware.process_request"
       "error" 0
       "span_id" 1
       "trace_id" 0
       "parent_id" 0
       "start" 1612560735121924000
       "duration" 80000}
      {"name" "django.middleware"
       "service" "django"
       "resource" "django.middleware.common.CommonMiddleware.process_request"
       "error" 0
       "span_id" 2
       "trace_id" 0
       "parent_id" 0
       "start" 1612560735122055000
       "duration" 70000}
      {"name" "django.middleware"
       "service" "django"
       "resource" "django.contrib.auth.middleware.AuthenticationMiddleware.process_request"
       "error" 0
       "span_id" 3
       "trace_id" 0
       "parent_id" 0
       "start" 1612560735122172000
       "duration" 32000}
      {"name" "django.middleware"
       "service" "django"
       "resource" "django.contrib.auth.middleware.SessionAuthenticationMiddleware.process_request"
       "error" 0
       "span_id" 4
       "trace_id" 0
       "parent_id" 0
       "start" 1612560735122249000
       "duration" 21000}
      {"name" "django.middleware"
       "service" "django"
       "resource" "django.contrib.messages.middleware.MessageMiddleware.process_request"
       "error" 0
       "span_id" 5
       "trace_id" 0
       "parent_id" 0
       "start" 1612560735122314000
       "duration" 63000}
      {"name" "django.middleware"
       "service" "django"
       "resource" "django.middleware.security.SecurityMiddleware.process_request"
       "error" 0
       "span_id" 6
       "trace_id" 0
       "parent_id" 0
       "start" 1612560735122423000
       "duration" 22000}
      {"name" "django.middleware"
       "service" "django"
       "resource" "django.middleware.csrf.CsrfViewMiddleware.process_view"
       "error" 0
       "span_id" 7
       "trace_id" 0
       "parent_id" 0
       "start" 1612560735122751000
       "duration" 512000}
      {"name" "django.template.render"
       "service" "django"
       "resource" "django.template.base.Template.render"
       "type" "template"
       "error" 0
       "span_id" 8
       "trace_id" 0
       "parent_id" 0
       "start" 1612560735124928000
       "duration" 363000
       "meta" {"django.template.engine.class" "django.template.engine.Engine"}}
      {"name" "django.middleware"
       "service" "django"
       "resource" "django.middleware.csrf.CsrfViewMiddleware.process_response"
       "error" 0
       "span_id" 9
       "trace_id" 0
       "parent_id" 0
       "start" 1612560735125489000
       "duration" 33000}
      {"name" "django.middleware"
       "service" "django"
       "resource" "django.middleware.security.SecurityMiddleware.process_response"
       "error" 0
       "span_id" 10
       "trace_id" 0
       "parent_id" 0
       "start" 1612560735125582000
       "duration" 26000}
      {"name" "django.middleware"
       "service" "django"
       "resource" "django.middleware.clickjacking.XFrameOptionsMiddleware.process_response"
       "error" 0
       "span_id" 11
       "trace_id" 0
       "parent_id" 0
       "start" 1612560735125663000
       "duration" 54000}
      {"name" "django.middleware"
       "service" "django"
       "resource" "django.contrib.messages.middleware.MessageMiddleware.process_response"
       "error" 0
       "span_id" 12
       "trace_id" 0
       "parent_id" 0
       "start" 1612560735125772000
       "duration" 33000}
      {"name" "django.middleware"
       "service" "django"
       "resource" "django.middleware.csrf.CsrfViewMiddleware.process_response"
       "error" 0
       "span_id" 13
       "trace_id" 0
       "parent_id" 0
       "start" 1612560735125861000
       "duration" 29000}
      {"name" "django.middleware"
       "service" "django"
       "resource" "django.middleware.common.CommonMiddleware.process_response"
       "error" 0
       "span_id" 14
       "trace_id" 0
       "parent_id" 0
       "start" 1612560735125944000
       "duration" 31000}
      {"name" "django.middleware"
       "service" "django"
       "resource" "django.contrib.sessions.middleware.SessionMiddleware.process_response"
       "error" 0
       "span_id" 15
       "trace_id" 0
       "parent_id" 0
       "start" 1612560735126029000
       "duration" 46000}]]
