[[{"name" "rq.worker.perform_job"
   "service" "rq-worker"
   "resource" "tests.contrib.rq.jobs.job_add1"
   "type" "worker"
   "error" 0
   "span_id" 0
   "trace_id" 0
   "parent_id" nil
   "start" 1625890389220527000
   "duration" 3679000
   "meta" {"runtime-id" "8b4aa804aa9b4fd2adea8426ea842ee8"
           "job.id" "9c5dacc8-ed41-4ebf-9966-b2b2e698258a"}
   "metrics" {"_dd.agent_psr" 1.0
              "_sampling_priority_v1" 1
              "system.pid" 8544
              "_dd.tracer_kr" 1.0}}
      {"name" "rq.job.perform"
       "service" "rq-worker"
       "resource" "tests.contrib.rq.jobs.job_add1"
       "error" 0
       "span_id" 1
       "trace_id" 0
       "parent_id" 0
       "start" 1625890389221466000
       "duration" 564000
       "meta" {"job.id" "9c5dacc8-ed41-4ebf-9966-b2b2e698258a"}}]
 [{"name" "rq.queue.enqueue_job"
   "service" "rq"
   "resource" "tests.contrib.rq.jobs.job_add1"
   "type" "worker"
   "error" 0
   "span_id" 0
   "trace_id" 1
   "parent_id" nil
   "start" 1625890389152321000
   "duration" 2571000
   "meta" {"runtime-id" "8b4aa804aa9b4fd2adea8426ea842ee8"
           "queue.name" "q"
           "job.id" "7acaa782-57b1-4323-b974-ec889b31c923"
           "job.func_name" "tests.contrib.rq.jobs.job_add1"}
   "metrics" {"_dd.agent_psr" 1.0
              "_sampling_priority_v1" 1
              "system.pid" 8544
              "_dd.tracer_kr" 1.0}}]
 [{"name" "rq.worker.perform_job"
   "service" "rq-worker"
   "resource" "tests.contrib.rq.jobs.job_add1"
   "type" "worker"
   "error" 0
   "span_id" 0
   "trace_id" 2
   "parent_id" nil
   "start" 1625890389199209000
   "duration" 3569000
   "meta" {"runtime-id" "8b4aa804aa9b4fd2adea8426ea842ee8"
           "job.id" "b3f858d1-0ef3-43b7-bef1-e3273512a7dc"}
   "metrics" {"_dd.agent_psr" 1.0
              "_sampling_priority_v1" 1
              "system.pid" 8544
              "_dd.tracer_kr" 1.0}}
      {"name" "rq.job.perform"
       "service" "rq-worker"
       "resource" "tests.contrib.rq.jobs.job_add1"
       "error" 0
       "span_id" 1
       "trace_id" 2
       "parent_id" 0
       "start" 1625890389200189000
       "duration" 495000
       "meta" {"job.id" "b3f858d1-0ef3-43b7-bef1-e3273512a7dc"}}]
 [{"name" "rq.worker.perform_job"
   "service" "rq-worker"
   "resource" "tests.contrib.rq.jobs.job_add1"
   "type" "worker"
   "error" 0
   "span_id" 0
   "trace_id" 3
   "parent_id" nil
   "start" 1625890389170235000
   "duration" 4590000
   "meta" {"runtime-id" "8b4aa804aa9b4fd2adea8426ea842ee8"
           "job.id" "7acaa782-57b1-4323-b974-ec889b31c923"}
   "metrics" {"_dd.agent_psr" 1.0
              "_sampling_priority_v1" 1
              "system.pid" 8544
              "_dd.tracer_kr" 1.0}}
      {"name" "rq.job.perform"
       "service" "rq-worker"
       "resource" "tests.contrib.rq.jobs.job_add1"
       "error" 0
       "span_id" 1
       "trace_id" 3
       "parent_id" 0
       "start" 1625890389171611000
       "duration" 796000
       "meta" {"job.id" "7acaa782-57b1-4323-b974-ec889b31c923"}}]
 [{"name" "rq.job.fetch"
   "service" "rq-worker"
   "resource" "rq.job.fetch"
   "error" 0
   "span_id" 0
   "trace_id" 4
   "parent_id" nil
   "start" 1625890389167028000
   "duration" 873000
   "meta" {"runtime-id" "8b4aa804aa9b4fd2adea8426ea842ee8"
           "job.id" "7acaa782-57b1-4323-b974-ec889b31c923"}
   "metrics" {"_dd.agent_psr" 1.0
              "_sampling_priority_v1" 1
              "system.pid" 8544
              "_dd.tracer_kr" 1.0}}]
 [{"name" "rq.job.fetch"
   "service" "rq-worker"
   "resource" "rq.job.fetch"
   "error" 0
   "span_id" 0
   "trace_id" 5
   "parent_id" nil
   "start" 1625890389218156000
   "duration" 774000
   "meta" {"runtime-id" "8b4aa804aa9b4fd2adea8426ea842ee8"
           "job.id" "9c5dacc8-ed41-4ebf-9966-b2b2e698258a"}
   "metrics" {"_dd.agent_psr" 1.0
              "_sampling_priority_v1" 1
              "system.pid" 8544
              "_dd.tracer_kr" 1.0}}]
 [{"name" "rq.queue.enqueue_job"
   "service" "rq"
   "resource" "tests.contrib.rq.jobs.job_add1"
   "type" "worker"
   "error" 0
   "span_id" 0
   "trace_id" 6
   "parent_id" nil
   "start" 1625890389155044000
   "duration" 1483000
   "meta" {"runtime-id" "8b4aa804aa9b4fd2adea8426ea842ee8"
           "queue.name" "q"
           "job.id" "b3f858d1-0ef3-43b7-bef1-e3273512a7dc"
           "job.func_name" "tests.contrib.rq.jobs.job_add1"}
   "metrics" {"_dd.agent_psr" 1.0
              "_sampling_priority_v1" 1
              "system.pid" 8544
              "_dd.tracer_kr" 1.0}}]
 [{"name" "rq.queue.enqueue_job"
   "service" "rq"
   "resource" "tests.contrib.rq.jobs.job_add1"
   "type" "worker"
   "error" 0
   "span_id" 0
   "trace_id" 7
   "parent_id" nil
   "start" 1625890389156634000
   "duration" 1466000
   "meta" {"runtime-id" "8b4aa804aa9b4fd2adea8426ea842ee8"
           "queue.name" "q"
           "job.id" "9c5dacc8-ed41-4ebf-9966-b2b2e698258a"
           "job.func_name" "tests.contrib.rq.jobs.job_add1"}
   "metrics" {"_dd.agent_psr" 1.0
              "_sampling_priority_v1" 1
              "system.pid" 8544
              "_dd.tracer_kr" 1.0}}]
 [{"name" "rq.job.fetch"
   "service" "rq-worker"
   "resource" "rq.job.fetch"
   "error" 0
   "span_id" 0
   "trace_id" 8
   "parent_id" nil
   "start" 1625890389196704000
   "duration" 859000
   "meta" {"runtime-id" "8b4aa804aa9b4fd2adea8426ea842ee8"
           "job.id" "b3f858d1-0ef3-43b7-bef1-e3273512a7dc"}
   "metrics" {"_dd.agent_psr" 1.0
              "_sampling_priority_v1" 1
              "system.pid" 8544
              "_dd.tracer_kr" 1.0}}]]
