[[{"name" "django.request"
   "service" "django"
   "resource" "GET ^$"
   "type" "web"
   "error" 0
   "span_id" 0
   "trace_id" 0
   "parent_id" nil
   "start" 1627594535839924000
   "duration" 11487000
   "meta" {"runtime-id" "a02783ada61d4661b0de6553c8dae138"
           "http.route" "^$"
           "http.url" "http://app.example.org/"
           "django.user.is_authenticated" "False"
           "http.status_code" "200"
           "http.method" "GET"
           "django.response.class" "django.http.response.HttpResponse"
           "django.request.class" "django.core.handlers.wsgi.WSGIRequest"
           "django.view" "tests.contrib.django_hosts.views.index"}
   "metrics" {"_dd.agent_psr" 1.0
              "_dd.measured" 1
              "_sampling_priority_v1" 1
              "system.pid" 90243
              "_dd.tracer_kr" 1.0}}
      {"name" "django.middleware"
       "service" "django"
       "resource" "django_hosts.middleware.HostsRequestMiddleware.__call__"
       "error" 0
       "span_id" 1
       "trace_id" 0
       "parent_id" 0
       "start" 1627594535841135000
       "duration" 9776000}
          {"name" "django.middleware"
           "service" "django"
           "resource" "django_hosts.middleware.HostsRequestMiddleware.process_request"
           "error" 0
           "span_id" 2
           "trace_id" 0
           "parent_id" 1
           "start" 1627594535841187000
           "duration" 52000}
          {"name" "django.middleware"
           "service" "django"
           "resource" "django.contrib.sessions.middleware.SessionMiddleware.__call__"
           "error" 0
           "span_id" 3
           "trace_id" 0
           "parent_id" 1
           "start" 1627594535841296000
           "duration" 9603000}
              {"name" "django.middleware"
               "service" "django"
               "resource" "django.contrib.sessions.middleware.SessionMiddleware.process_request"
               "error" 0
               "span_id" 4
               "trace_id" 0
               "parent_id" 3
               "start" 1627594535841333000
               "duration" 548000}
              {"name" "django.middleware"
               "service" "django"
               "resource" "django.middleware.common.CommonMiddleware.__call__"
               "error" 0
               "span_id" 5
               "trace_id" 0
               "parent_id" 3
               "start" 1627594535841924000
               "duration" 8907000}
                  {"name" "django.middleware"
                   "service" "django"
                   "resource" "django.middleware.common.CommonMiddleware.process_request"
                   "error" 0
                   "span_id" 7
                   "trace_id" 0
                   "parent_id" 5
                   "start" 1627594535841961000
                   "duration" 51000}
                  {"name" "django.middleware"
                   "service" "django"
                   "resource" "django.middleware.csrf.CsrfViewMiddleware.__call__"
                   "error" 0
                   "span_id" 8
                   "trace_id" 0
                   "parent_id" 5
                   "start" 1627594535842047000
                   "duration" 8718000}
                      {"name" "django.middleware"
                       "service" "django"
                       "resource" "django.middleware.csrf.CsrfViewMiddleware.process_request"
                       "error" 0
                       "span_id" 10
                       "trace_id" 0
                       "parent_id" 8
                       "start" 1627594535842080000
                       "duration" 25000}
                      {"name" "django.middleware"
                       "service" "django"
                       "resource" "django.contrib.auth.middleware.AuthenticationMiddleware.__call__"
                       "error" 0
                       "span_id" 11
                       "trace_id" 0
                       "parent_id" 8
                       "start" 1627594535842134000
                       "duration" 8574000}
                          {"name" "django.middleware"
                           "service" "django"
                           "resource" "django.contrib.auth.middleware.AuthenticationMiddleware.process_request"
                           "error" 0
                           "span_id" 13
                           "trace_id" 0
                           "parent_id" 11
                           "start" 1627594535842164000
                           "duration" 22000}
                          {"name" "django.middleware"
                           "service" "django"
                           "resource" "django.contrib.messages.middleware.MessageMiddleware.__call__"
                           "error" 0
                           "span_id" 14
                           "trace_id" 0
                           "parent_id" 11
                           "start" 1627594535842214000
                           "duration" 8482000}
                              {"name" "django.middleware"
                               "service" "django"
                               "resource" "django.contrib.messages.middleware.MessageMiddleware.process_request"
                               "error" 0
                               "span_id" 15
                               "trace_id" 0
                               "parent_id" 14
                               "start" 1627594535842244000
                               "duration" 2725000}
                              {"name" "django.middleware"
                               "service" "django"
                               "resource" "django.middleware.clickjacking.XFrameOptionsMiddleware.__call__"
                               "error" 0
                               "span_id" 16
                               "trace_id" 0
                               "parent_id" 14
                               "start" 1627594535845038000
                               "duration" 5596000}
                                  {"name" "django.middleware"
                                   "service" "django"
                                   "resource" "django.middleware.security.SecurityMiddleware.__call__"
                                   "error" 0
                                   "span_id" 18
                                   "trace_id" 0
                                   "parent_id" 16
                                   "start" 1627594535845086000
                                   "duration" 5477000}
                                      {"name" "django.middleware"
                                       "service" "django"
                                       "resource" "django.middleware.security.SecurityMiddleware.process_request"
                                       "error" 0
                                       "span_id" 20
                                       "trace_id" 0
                                       "parent_id" 18
                                       "start" 1627594535845122000
                                       "duration" 19000}
                                      {"name" "django.middleware"
                                       "service" "django"
                                       "resource" "django_hosts.middleware.HostsResponseMiddleware.__call__"
                                       "error" 0
                                       "span_id" 21
                                       "trace_id" 0
                                       "parent_id" 18
                                       "start" 1627594535845171000
                                       "duration" 5326000}
                                          {"name" "django.middleware"
                                           "service" "django"
                                           "resource" "django.middleware.csrf.CsrfViewMiddleware.process_view"
                                           "error" 0
                                           "span_id" 23
                                           "trace_id" 0
                                           "parent_id" 21
                                           "start" 1627594535846824000
                                           "duration" 37000}
                                          {"name" "django.view"
                                           "service" "django"
                                           "resource" "tests.contrib.django_hosts.views.index"
                                           "error" 0
                                           "span_id" 24
                                           "trace_id" 0
                                           "parent_id" 21
                                           "start" 1627594535846916000
                                           "duration" 3445000}
                                          {"name" "django.middleware"
                                           "service" "django"
                                           "resource" "django_hosts.middleware.HostsResponseMiddleware.process_response"
                                           "error" 0
                                           "span_id" 25
                                           "trace_id" 0
                                           "parent_id" 21
                                           "start" 1627594535850427000
                                           "duration" 54000}
                                      {"name" "django.middleware"
                                       "service" "django"
                                       "resource" "django.middleware.security.SecurityMiddleware.process_response"
                                       "error" 0
                                       "span_id" 22
                                       "trace_id" 0
                                       "parent_id" 18
                                       "start" 1627594535850530000
                                       "duration" 21000}
                                  {"name" "django.middleware"
                                   "service" "django"
                                   "resource" "django.middleware.clickjacking.XFrameOptionsMiddleware.process_response"
                                   "error" 0
                                   "span_id" 19
                                   "trace_id" 0
                                   "parent_id" 16
                                   "start" 1627594535850592000
                                   "duration" 30000}
                              {"name" "django.middleware"
                               "service" "django"
                               "resource" "django.contrib.messages.middleware.MessageMiddleware.process_response"
                               "error" 0
                               "span_id" 17
                               "trace_id" 0
                               "parent_id" 14
                               "start" 1627594535850663000
                               "duration" 21000}
                      {"name" "django.middleware"
                       "service" "django"
                       "resource" "django.middleware.csrf.CsrfViewMiddleware.process_response"
                       "error" 0
                       "span_id" 12
                       "trace_id" 0
                       "parent_id" 8
                       "start" 1627594535850735000
                       "duration" 19000}
                  {"name" "django.middleware"
                   "service" "django"
                   "resource" "django.middleware.common.CommonMiddleware.process_response"
                   "error" 0
                   "span_id" 9
                   "trace_id" 0
                   "parent_id" 5
                   "start" 1627594535850792000
                   "duration" 26000}
              {"name" "django.middleware"
               "service" "django"
               "resource" "django.contrib.sessions.middleware.SessionMiddleware.process_response"
               "error" 0
               "span_id" 6
               "trace_id" 0
               "parent_id" 3
               "start" 1627594535850858000
               "duration" 30000}]]
