[[{"name" "wsgi.request"
   "service" "wsgi"
   "resource" "GET /"
   "type" "web"
   "error" 0
   "span_id" 0
   "trace_id" 0
   "parent_id" nil
   "start" 1611676921660467000
   "duration" 235000
   "meta" {"runtime-id" "605141b7753c43c28fcfee5097a6fbc6"
           "http.status_msg" "OK"
           "http.status_code" "200"
           "http.method" "GET"
           "http.url" "http://localhost:80/"}
   "metrics" {"_dd.agent_psr" 1.0
              "_sampling_priority_v1" 1
              "system.pid" 70280}}
      {"name" "wsgi.application"
       "service" "wsgi"
       "resource" "wsgi.application"
       "error" 0
       "span_id" 1
       "trace_id" 0
       "parent_id" 0
       "start" 1611676921660577000
       "duration" 86000}
          {"name" "wsgi.start_response"
           "service" "wsgi"
           "resource" "wsgi.start_response"
           "type" "web"
           "error" 0
           "span_id" 3
           "trace_id" 0
           "parent_id" 1
           "start" 1611676921660628000
           "duration" 28000}
      {"name" "wsgi.response"
       "service" "wsgi"
       "resource" "wsgi.response"
       "error" 0
       "span_id" 2
       "trace_id" 0
       "parent_id" 0
       "start" 1611676921660669000
       "duration" 7000
       "meta" {"result_class" "list"}}]]
