[[{"name" "postgres.query"
   "service" "postgresdb"
   "resource" "select 'one' as \"x\""
   "type" "sql"
   "error" 0
   "span_id" 0
   "trace_id" 0
   "parent_id" nil
   "start" 1624103334938617300
   "duration" 1192800
   "meta" {"runtime-id" "25fe3bf994c8480dbf2e18d4ea25956b"
           "django.db.vendor" "postgresql"
           "django.db.alias" "postgres"}
   "metrics" {"_dd.agent_psr" 1.0
              "_dd.measured" 1
              "_sampling_priority_v1" 1
              "system.pid" 2152
              "db.rowcount" 1
              "sql.rows" 1
              "_dd.tracer_kr" 1.0}}]]
