[[{"name" "django.request"
   "service" "django"
   "resource" "GET tests.contrib.django.views.FeedView"
   "type" "web"
   "error" 0
   "span_id" 0
   "trace_id" 0
   "parent_id" nil
   "start" 1612560734671417000
   "duration" 4963000
   "meta" {"runtime-id" "1fb211269d1b4df3abdb69544b7d6716"
           "django.view" "feed-view"
           "http.method" "GET"
           "django.response.class" "django.http.response.HttpResponse"
           "http.url" "http://testserver/feed-view/"
           "django.request.class" "django.core.handlers.wsgi.WSGIRequest"
           "http.status_code" "200"
           "django.user.is_authenticated" "False"}
   "metrics" {"_dd.agent_psr" 1.0
              "_dd.measured" 1
              "_sampling_priority_v1" 1
              "_dd.tracer_kr" 1.0
              "system.pid" 96676}}
      {"name" "django.middleware"
       "service" "django"
       "resource" "django.contrib.sessions.middleware.SessionMiddleware.process_request"
       "error" 0
       "span_id" 1
       "trace_id" 0
       "parent_id" 0
       "start" 1612560734671700000
       "duration" 124000}
      {"name" "django.middleware"
       "service" "django"
       "resource" "django.middleware.common.CommonMiddleware.process_request"
       "error" 0
       "span_id" 2
       "trace_id" 0
       "parent_id" 0
       "start" 1612560734671884000
       "duration" 89000}
      {"name" "django.middleware"
       "service" "django"
       "resource" "django.contrib.auth.middleware.AuthenticationMiddleware.process_request"
       "error" 0
       "span_id" 3
       "trace_id" 0
       "parent_id" 0
       "start" 1612560734672030000
       "duration" 40000}
      {"name" "django.middleware"
       "service" "django"
       "resource" "django.contrib.auth.middleware.SessionAuthenticationMiddleware.process_request"
       "error" 0
       "span_id" 4
       "trace_id" 0
       "parent_id" 0
       "start" 1612560734672114000
       "duration" 23000}
      {"name" "django.middleware"
       "service" "django"
       "resource" "django.contrib.messages.middleware.MessageMiddleware.process_request"
       "error" 0
       "span_id" 5
       "trace_id" 0
       "parent_id" 0
       "start" 1612560734672177000
       "duration" 87000}
      {"name" "django.middleware"
       "service" "django"
       "resource" "django.middleware.security.SecurityMiddleware.process_request"
       "error" 0
       "span_id" 6
       "trace_id" 0
       "parent_id" 0
       "start" 1612560734672309000
       "duration" 22000}
      {"name" "django.middleware"
       "service" "django"
       "resource" "django.middleware.csrf.CsrfViewMiddleware.process_view"
       "error" 0
       "span_id" 7
       "trace_id" 0
       "parent_id" 0
       "start" 1612560734672547000
       "duration" 269000}
      {"name" "django.view"
       "service" "django"
       "resource" "tests.contrib.django.views.FeedView"
       "error" 0
       "span_id" 8
       "trace_id" 0
       "parent_id" 0
       "start" 1612560734672900000
       "duration" 2578000}
      {"name" "django.middleware"
       "service" "django"
       "resource" "django.middleware.security.SecurityMiddleware.process_response"
       "error" 0
       "span_id" 9
       "trace_id" 0
       "parent_id" 0
       "start" 1612560734675543000
       "duration" 43000}
      {"name" "django.middleware"
       "service" "django"
       "resource" "django.middleware.clickjacking.XFrameOptionsMiddleware.process_response"
       "error" 0
       "span_id" 10
       "trace_id" 0
       "parent_id" 0
       "start" 1612560734675653000
       "duration" 41000}
      {"name" "django.middleware"
       "service" "django"
       "resource" "django.contrib.messages.middleware.MessageMiddleware.process_response"
       "error" 0
       "span_id" 11
       "trace_id" 0
       "parent_id" 0
       "start" 1612560734675726000
       "duration" 22000}
      {"name" "django.middleware"
       "service" "django"
       "resource" "django.middleware.csrf.CsrfViewMiddleware.process_response"
       "error" 0
       "span_id" 12
       "trace_id" 0
       "parent_id" 0
       "start" 1612560734675776000
       "duration" 20000}
      {"name" "django.middleware"
       "service" "django"
       "resource" "django.middleware.common.CommonMiddleware.process_response"
       "error" 0
       "span_id" 13
       "trace_id" 0
       "parent_id" 0
       "start" 1612560734675822000
       "duration" 17000}
      {"name" "django.middleware"
       "service" "django"
       "resource" "django.contrib.sessions.middleware.SessionMiddleware.process_response"
       "error" 0
       "span_id" 14
       "trace_id" 0
       "parent_id" 0
       "start" 1612560734675865000
       "duration" 29000}]]
