[[{"name" "django.request"
   "service" "django"
   "resource" "GET ^error-500/$"
   "type" "web"
   "error" 1
   "span_id" 0
   "trace_id" 0
   "parent_id" nil
   "start" 1628305964737069535
   "duration" 1748150527
   "meta" {"runtime-id" "f56e753dc1ce49b4be56eda4ba1e80bd"
           "http.route" "^error-500/$"
           "http.url" "http://localhost:8000/error-500/"
           "django.user.is_authenticated" "False"
           "http.status_code" "500"
           "http.method" "GET"
           "django.response.class" "django.http.response.HttpResponseServerError"
           "django.request.class" "django.core.handlers.asgi.ASGIRequest"
           "django.view" "error-500"}
   "metrics" {"_dd.agent_psr" 1.0
              "_dd.measured" 1
              "_sampling_priority_v1" 1
              "system.pid" 626
              "_dd.tracer_kr" 1.0}}
      {"name" "django.middleware"
       "service" "django"
       "resource" "django.contrib.sessions.middleware.SessionMiddleware.__call__"
       "error" 0
       "span_id" 1
       "trace_id" 0
       "parent_id" 0
       "start" 1628305964737171658
       "duration" 1747936221}
          {"name" "django.middleware"
           "service" "django"
           "resource" "django.contrib.sessions.middleware.SessionMiddleware.process_request"
           "error" 0
           "span_id" 2
           "trace_id" 0
           "parent_id" 1
           "start" 1628305964737202283
           "duration" 49351}
          {"name" "django.middleware"
           "service" "django"
           "resource" "django.middleware.common.CommonMiddleware.__call__"
           "error" 0
           "span_id" 3
           "trace_id" 0
           "parent_id" 1
           "start" 1628305964737274257
           "duration" 1747784401}
              {"name" "django.middleware"
               "service" "django"
               "resource" "django.middleware.common.CommonMiddleware.process_request"
               "error" 0
               "span_id" 5
               "trace_id" 0
               "parent_id" 3
               "start" 1628305964737294351
               "duration" 35025}
              {"name" "django.middleware"
               "service" "django"
               "resource" "django.middleware.csrf.CsrfViewMiddleware.__call__"
               "error" 0
               "span_id" 6
               "trace_id" 0
               "parent_id" 3
               "start" 1628305964737349351
               "duration" 1747666968}
                  {"name" "django.middleware"
                   "service" "django"
                   "resource" "django.middleware.csrf.CsrfViewMiddleware.process_request"
                   "error" 0
                   "span_id" 8
                   "trace_id" 0
                   "parent_id" 6
                   "start" 1628305964737368449
                   "duration" 11062}
                  {"name" "django.middleware"
                   "service" "django"
                   "resource" "django.contrib.auth.middleware.AuthenticationMiddleware.__call__"
                   "error" 0
                   "span_id" 9
                   "trace_id" 0
                   "parent_id" 6
                   "start" 1628305964737396811
                   "duration" 1747581669}
                      {"name" "django.middleware"
                       "service" "django"
                       "resource" "django.contrib.auth.middleware.AuthenticationMiddleware.process_request"
                       "error" 0
                       "span_id" 11
                       "trace_id" 0
                       "parent_id" 9
                       "start" 1628305964737415194
                       "duration" 13588}
                      {"name" "django.middleware"
                       "service" "django"
                       "resource" "django.contrib.messages.middleware.MessageMiddleware.__call__"
                       "error" 0
                       "span_id" 12
                       "trace_id" 0
                       "parent_id" 9
                       "start" 1628305964737448822
                       "duration" 1747522086}
                          {"name" "django.middleware"
                           "service" "django"
                           "resource" "django.contrib.messages.middleware.MessageMiddleware.process_request"
                           "error" 0
                           "span_id" 13
                           "trace_id" 0
                           "parent_id" 12
                           "start" 1628305964737467314
                           "duration" 135117}
                          {"name" "django.middleware"
                           "service" "django"
                           "resource" "django.middleware.clickjacking.XFrameOptionsMiddleware.__call__"
                           "error" 0
                           "span_id" 14
                           "trace_id" 0
                           "parent_id" 12
                           "start" 1628305964737624714
                           "duration" 1747305753}
                              {"name" "django.middleware"
                               "service" "django"
                               "resource" "django.middleware.security.SecurityMiddleware.__call__"
                               "error" 0
                               "span_id" 16
                               "trace_id" 0
                               "parent_id" 14
                               "start" 1628305964737645702
                               "duration" 1747240670}
                                  {"name" "django.middleware"
                                   "service" "django"
                                   "resource" "django.middleware.security.SecurityMiddleware.process_request"
                                   "error" 0
                                   "span_id" 18
                                   "trace_id" 0
                                   "parent_id" 16
                                   "start" 1628305964737663763
                                   "duration" 10054}
                                  {"name" "django.middleware"
                                   "service" "django"
                                   "resource" "tests.contrib.django.middleware.ClsMiddleware.__call__"
                                   "error" 0
                                   "span_id" 19
                                   "trace_id" 0
                                   "parent_id" 16
                                   "start" 1628305964737691443
                                   "duration" 1747119558}
                                      {"name" "django.middleware"
                                       "service" "django"
                                       "resource" "tests.contrib.django.middleware.EverythingMiddleware"
                                       "error" 0
                                       "span_id" 21
                                       "trace_id" 0
                                       "parent_id" 19
                                       "start" 1628305964737713831
                                       "duration" 1747089069}
                                          {"name" "django.middleware"
                                           "service" "django"
                                           "resource" "tests.contrib.django.middleware.EverythingMiddleware.__call__"
                                           "error" 0
                                           "span_id" 22
                                           "trace_id" 0
                                           "parent_id" 21
                                           "start" 1628305964737737095
                                           "duration" 1747035692}
                                              {"name" "django.middleware"
                                               "service" "django"
                                               "resource" "django.middleware.csrf.CsrfViewMiddleware.process_view"
                                               "error" 0
                                               "span_id" 23
                                               "trace_id" 0
                                               "parent_id" 22
                                               "start" 1628305964738453193
                                               "duration" 15934}
                                              {"name" "django.middleware"
                                               "service" "django"
                                               "resource" "tests.contrib.django.middleware.EverythingMiddleware.process_view"
                                               "error" 0
                                               "span_id" 24
                                               "trace_id" 0
                                               "parent_id" 22
                                               "start" 1628305964738486727
                                               "duration" 9743}
                                              {"name" "django.view"
                                               "service" "django"
                                               "resource" "tests.contrib.django.views.error_500"
                                               "error" 1
                                               "span_id" 25
                                               "trace_id" 0
                                               "parent_id" 22
                                               "start" 1628305964738553397
                                               "duration" 2905804
                                               "meta" {"error.msg" "Error 500"
                                                       "error.type" "builtins.Exception"
                                                       "error.stack" "Traceback (most recent call last):\n  File \"/root/project/ddtrace/contrib/django/patch.py\", line 211, in wrapped\n    return func(*args, **kwargs)\n  File \"./tests/contrib/django/views.py\", line 64, in error_500\n    raise Exception(\"Error 500\")\nException: Error 500\n"}}
                                              {"name" "django.middleware"
                                               "service" "django"
                                               "resource" "tests.contrib.django.middleware.EverythingMiddleware.process_exception"
                                               "error" 0
                                               "span_id" 26
                                               "trace_id" 0
                                               "parent_id" 22
                                               "start" 1628305964741677917
                                               "duration" 107310}
                                              {"name" "django.middleware"
                                               "service" "django"
                                               "resource" "django.middleware.csrf.CsrfViewMiddleware.process_request"
                                               "error" 0
                                               "span_id" 27
                                               "trace_id" 0
                                               "parent_id" 22
                                               "start" 1628305964742041186
                                               "duration" 17273}
                                              {"name" "django.middleware"
                                               "service" "django"
                                               "resource" "django.middleware.csrf.CsrfViewMiddleware.process_view"
                                               "error" 0
                                               "span_id" 28
                                               "trace_id" 0
                                               "parent_id" 22
                                               "start" 1628305964742080561
                                               "duration" 10455}
                                              {"name" "django.middleware"
                                               "service" "django"
                                               "resource" "django.middleware.csrf.CsrfViewMiddleware.process_response"
                                               "error" 0
                                               "span_id" 29
                                               "trace_id" 0
                                               "parent_id" 22
                                               "start" 1628305964814070478
                                               "duration" 31083}
                                              {"name" "django.template.render"
                                               "service" "django"
                                               "resource" "django.template.base.Template.render"
                                               "type" "template"
                                               "error" 0
                                               "span_id" 30
                                               "trace_id" 0
                                               "parent_id" 22
                                               "start" 1628305964831469883
                                               "duration" 1640910469
                                               "meta" {"django.template.engine.class" "django.template.engine.Engine"}}
                                  {"name" "django.middleware"
                                   "service" "django"
                                   "resource" "django.middleware.security.SecurityMiddleware.process_response"
                                   "error" 0
                                   "span_id" 20
                                   "trace_id" 0
                                   "parent_id" 16
                                   "start" 1628305966484848548
                                   "duration" 29033}
                              {"name" "django.middleware"
                               "service" "django"
                               "resource" "django.middleware.clickjacking.XFrameOptionsMiddleware.process_response"
                               "error" 0
                               "span_id" 17
                               "trace_id" 0
                               "parent_id" 14
                               "start" 1628305966484906155
                               "duration" 16382}
                          {"name" "django.middleware"
                           "service" "django"
                           "resource" "django.contrib.messages.middleware.MessageMiddleware.process_response"
                           "error" 0
                           "span_id" 15
                           "trace_id" 0
                           "parent_id" 12
                           "start" 1628305966484949050
                           "duration" 14028}
                  {"name" "django.middleware"
                   "service" "django"
                   "resource" "django.middleware.csrf.CsrfViewMiddleware.process_response"
                   "error" 0
                   "span_id" 10
                   "trace_id" 0
                   "parent_id" 6
                   "start" 1628305966484997569
                   "duration" 11573}
              {"name" "django.middleware"
               "service" "django"
               "resource" "django.middleware.common.CommonMiddleware.process_response"
               "error" 0
               "span_id" 7
               "trace_id" 0
               "parent_id" 3
               "start" 1628305966485034027
               "duration" 17082}
          {"name" "django.middleware"
           "service" "django"
           "resource" "django.contrib.sessions.middleware.SessionMiddleware.process_response"
           "error" 0
           "span_id" 4
           "trace_id" 0
           "parent_id" 1
           "start" 1628305966485076097
           "duration" 23119}]]
